Archive member included to satisfy reference by file (symbol)

/usr/lib/gcc/arm-none-eabi/10.3.1/../../../arm-none-eabi/lib/thumb/v6-m/nofp/libstdc++.a(pure.o)
                              CMakeFiles/neopixel.dir/main.cpp.obj (__cxa_pure_virtual)
/usr/lib/gcc/arm-none-eabi/10.3.1/../../../arm-none-eabi/lib/thumb/v6-m/nofp/libstdc++.a(eh_terminate.o)
                              /usr/lib/gcc/arm-none-eabi/10.3.1/../../../arm-none-eabi/lib/thumb/v6-m/nofp/libstdc++.a(pure.o) (std::terminate())
/usr/lib/gcc/arm-none-eabi/10.3.1/../../../arm-none-eabi/lib/thumb/v6-m/nofp/libstdc++.a(eh_unex_handler.o)
                              /usr/lib/gcc/arm-none-eabi/10.3.1/../../../arm-none-eabi/lib/thumb/v6-m/nofp/libstdc++.a(eh_terminate.o) (__cxxabiv1::__unexpected_handler)
/usr/lib/gcc/arm-none-eabi/10.3.1/../../../arm-none-eabi/lib/thumb/v6-m/nofp/libstdc++.a(eh_arm.o)
                              /usr/lib/gcc/arm-none-eabi/10.3.1/../../../arm-none-eabi/lib/thumb/v6-m/nofp/libstdc++.a(eh_terminate.o) (__cxa_end_cleanup)
/usr/lib/gcc/arm-none-eabi/10.3.1/../../../arm-none-eabi/lib/thumb/v6-m/nofp/libstdc++.a(eh_call.o)
                              /usr/lib/gcc/arm-none-eabi/10.3.1/../../../arm-none-eabi/lib/thumb/v6-m/nofp/libstdc++.a(eh_terminate.o) (__cxa_call_unexpected)
/usr/lib/gcc/arm-none-eabi/10.3.1/../../../arm-none-eabi/lib/thumb/v6-m/nofp/libstdc++.a(eh_catch.o)
                              /usr/lib/gcc/arm-none-eabi/10.3.1/../../../arm-none-eabi/lib/thumb/v6-m/nofp/libstdc++.a(eh_terminate.o) (__cxa_begin_catch)
/usr/lib/gcc/arm-none-eabi/10.3.1/../../../arm-none-eabi/lib/thumb/v6-m/nofp/libstdc++.a(eh_exception.o)
                              /usr/lib/gcc/arm-none-eabi/10.3.1/../../../arm-none-eabi/lib/thumb/v6-m/nofp/libstdc++.a(eh_call.o) (std::bad_exception::~bad_exception())
/usr/lib/gcc/arm-none-eabi/10.3.1/../../../arm-none-eabi/lib/thumb/v6-m/nofp/libstdc++.a(eh_globals.o)
                              /usr/lib/gcc/arm-none-eabi/10.3.1/../../../arm-none-eabi/lib/thumb/v6-m/nofp/libstdc++.a(eh_call.o) (__cxa_get_globals_fast)
/usr/lib/gcc/arm-none-eabi/10.3.1/../../../arm-none-eabi/lib/thumb/v6-m/nofp/libstdc++.a(eh_personality.o)
                              /usr/lib/gcc/arm-none-eabi/10.3.1/../../../arm-none-eabi/lib/thumb/v6-m/nofp/libstdc++.a(eh_terminate.o) (__gxx_personality_v0)
/usr/lib/gcc/arm-none-eabi/10.3.1/../../../arm-none-eabi/lib/thumb/v6-m/nofp/libstdc++.a(eh_term_handler.o)
                              /usr/lib/gcc/arm-none-eabi/10.3.1/../../../arm-none-eabi/lib/thumb/v6-m/nofp/libstdc++.a(eh_terminate.o) (__cxxabiv1::__terminate_handler)
/usr/lib/gcc/arm-none-eabi/10.3.1/../../../arm-none-eabi/lib/thumb/v6-m/nofp/libstdc++.a(eh_throw.o)
                              /usr/lib/gcc/arm-none-eabi/10.3.1/../../../arm-none-eabi/lib/thumb/v6-m/nofp/libstdc++.a(eh_call.o) (__cxa_throw)
/usr/lib/gcc/arm-none-eabi/10.3.1/../../../arm-none-eabi/lib/thumb/v6-m/nofp/libstdc++.a(si_class_type_info.o)
                              /usr/lib/gcc/arm-none-eabi/10.3.1/../../../arm-none-eabi/lib/thumb/v6-m/nofp/libstdc++.a(eh_exception.o) (vtable for __cxxabiv1::__si_class_type_info)
/usr/lib/gcc/arm-none-eabi/10.3.1/../../../arm-none-eabi/lib/thumb/v6-m/nofp/libstdc++.a(tinfo.o)
                              /usr/lib/gcc/arm-none-eabi/10.3.1/../../../arm-none-eabi/lib/thumb/v6-m/nofp/libstdc++.a(si_class_type_info.o) (std::type_info::__is_pointer_p() const)
/usr/lib/gcc/arm-none-eabi/10.3.1/../../../arm-none-eabi/lib/thumb/v6-m/nofp/libstdc++.a(class_type_info.o)
                              /usr/lib/gcc/arm-none-eabi/10.3.1/../../../arm-none-eabi/lib/thumb/v6-m/nofp/libstdc++.a(si_class_type_info.o) (__cxxabiv1::__class_type_info::__do_upcast(__cxxabiv1::__class_type_info const*, void**) const)
/usr/lib/gcc/arm-none-eabi/10.3.1/../../../arm-none-eabi/lib/thumb/v6-m/nofp/libstdc++.a(eh_alloc.o)
                              /usr/lib/gcc/arm-none-eabi/10.3.1/../../../arm-none-eabi/lib/thumb/v6-m/nofp/libstdc++.a(eh_call.o) (__cxa_allocate_exception)
/usr/lib/gcc/arm-none-eabi/10.3.1/thumb/v6-m/nofp/libgcc.a(_dvmd_tls.o)
                              CMakeFiles/neopixel.dir/home/rbp28668/pico/pico-sdk/src/rp2_common/pico_divider/divider.S.obj (__aeabi_idiv0)
/usr/lib/gcc/arm-none-eabi/10.3.1/thumb/v6-m/nofp/libgcc.a(unwind-arm.o)
                              /usr/lib/gcc/arm-none-eabi/10.3.1/../../../arm-none-eabi/lib/thumb/v6-m/nofp/libstdc++.a(eh_arm.o) (__aeabi_unwind_cpp_pr1)
/usr/lib/gcc/arm-none-eabi/10.3.1/thumb/v6-m/nofp/libgcc.a(libunwind.o)
                              /usr/lib/gcc/arm-none-eabi/10.3.1/thumb/v6-m/nofp/libgcc.a(unwind-arm.o) (restore_core_regs)
/usr/lib/gcc/arm-none-eabi/10.3.1/thumb/v6-m/nofp/libgcc.a(pr-support.o)
                              /usr/lib/gcc/arm-none-eabi/10.3.1/thumb/v6-m/nofp/libgcc.a(unwind-arm.o) (__gnu_unwind_execute)
/usr/lib/gcc/arm-none-eabi/10.3.1/../../../arm-none-eabi/lib/thumb/v6-m/nofp/libg.a(lib_a-abort.o)
[...]
Memory Configuration

Name             Origin             Length             Attributes
FLASH            0x0000000010000000 0x0000000000200000 xr
RAM              0x0000000020000000 0x0000000000040000 xrw
SCRATCH_X        0x0000000020040000 0x0000000000001000 xrw
SCRATCH_Y        0x0000000020041000 0x0000000000001000 xrw
*default*        0x0000000000000000 0xffffffffffffffff

Linker script and memory map

LOAD /usr/lib/gcc/arm-none-eabi/10.3.1/thumb/v6-m/nofp/crti.o
LOAD /usr/lib/gcc/arm-none-eabi/10.3.1/thumb/v6-m/nofp/crtbegin.o
LOAD /usr/lib/gcc/arm-none-eabi/10.3.1/../../../arm-none-eabi/lib/thumb/v6-m/nofp/crt0.o

.flash_begin    0x0000000010000000        0x0
                0x0000000010000000                __flash_binary_start = .

.boot2          0x0000000010000000      0x100
                0x0000000010000000                __boot2_start__ = .
 *(.boot2)
 .boot2         0x0000000010000000      0x100 /tmp/cc6hVnw0.o
                0x0000000010000100                __boot2_end__ = .
                0x0000000000000001                ASSERT (((__boot2_end__ - __boot2_start__) == 0x100), ERROR: Pico second stage bootloader must be 256 bytes in size)

.text           0x0000000010000100    0x13658
                0x0000000010000100                __logical_binary_start = .
 *(.vectors)
 .vectors       0x0000000010000100       0xd4 CMakeFiles/neopixel.dir/home/rbp28668/pico/pico-sdk/src/rp2_common/pico_standard_link/crt0.S.obj
                0x0000000010000100                __vectors
                0x0000000010000100                __VECTOR_TABLE
                0x00000000100001c0                isr_invalid
                0x00000000100001c0                __default_isrs_start
                0x00000000100001c2                isr_nmi
                0x00000000100001c4                isr_hardfault
                0x00000000100001c6                isr_svcall
                0x00000000100001c8                isr_pendsv
                0x00000000100001ca                isr_systick
                0x00000000100001cc                isr_irq30
                0x00000000100001cc                __unhandled_user_irq
                0x00000000100001cc                isr_irq13
                0x00000000100001cc                isr_irq27
                0x00000000100001cc                isr_irq31
                0x00000000100001cc                isr_irq5
                0x00000000100001cc                isr_irq11
                0x00000000100001cc                isr_irq23
                0x00000000100001cc                isr_irq18
                0x00000000100001cc                isr_irq28
                0x00000000100001cc                isr_irq19
                0x00000000100001cc                isr_irq0
                0x00000000100001cc                isr_irq6
                0x00000000100001cc                isr_irq22
                0x00000000100001cc                isr_irq17
                0x00000000100001cc                isr_irq14
                0x00000000100001cc                isr_irq2
                0x00000000100001cc                isr_irq10
                0x00000000100001cc                isr_irq8
                0x00000000100001cc                isr_irq24
                0x00000000100001cc                isr_irq1
                0x00000000100001cc                isr_irq7
                0x00000000100001cc                isr_irq21
                0x00000000100001cc                isr_irq20
                0x00000000100001cc                isr_irq15
                0x00000000100001cc                isr_irq25
                0x00000000100001cc                isr_irq4
                0x00000000100001cc                isr_irq16
                0x00000000100001cc                isr_irq29
                0x00000000100001cc                isr_irq26
                0x00000000100001cc                __default_isrs_end
                0x00000000100001cc                isr_irq3
                0x00000000100001cc                isr_irq12
                0x00000000100001cc                isr_irq9
                0x00000000100001d2                unhandled_user_irq_num_in_r0
 *(.binary_info_header)
 .binary_info_header
                0x00000000100001d4       0x14 CMakeFiles/neopixel.dir/home/rbp28668/pico/pico-sdk/src/rp2_common/pico_standard_link/crt0.S.obj
                0x00000000100001e8                __binary_info_header_end = .
 *(.reset)
 .reset         0x00000000100001e8       0xa8 CMakeFiles/neopixel.dir/home/rbp28668/pico/pico-sdk/src/rp2_common/pico_standard_link/crt0.S.obj
                0x00000000100001e8                _entry_point
                0x0000000010000266                __get_current_exception
 .reset         0x0000000010000290       0x30 CMakeFiles/neopixel.dir/home/rbp28668/pico/pico-sdk/src/rp2_common/pico_standard_link/binary_info.c.obj
 *(.init)
 .init          0x00000000100002c0        0x4 /usr/lib/gcc/arm-none-eabi/10.3.1/thumb/v6-m/nofp/crti.o
                0x00000000100002c0                _init
 *(EXCLUDE_FILE(*libm.a: *libc.a:*lib_a-mem*.o *libgcc.a:) .text*)
 .text          0x00000000100002c4       0x98 /usr/lib/gcc/arm-none-eabi/10.3.1/thumb/v6-m/nofp/crtbegin.o
 .text._Z41__static_initialization_and_destruction_0ii
                0x000000001000035c       0x4c CMakeFiles/neopixel.dir/main.cpp.obj
 .text.main     0x00000000100003a8       0xd8 CMakeFiles/neopixel.dir/main.cpp.obj
                0x00000000100003a8                main
 .text._GLOBAL__sub_I_station
                0x0000000010000480       0x10 CMakeFiles/neopixel.dir/main.cpp.obj
 .text._ZN12NeopixelGridC2Ev
                0x0000000010000490      0x140 CMakeFiles/neopixel.dir/neopixel.cpp.obj
                0x0000000010000490                NeopixelGrid::NeopixelGrid()
                0x0000000010000490                NeopixelGrid::NeopixelGrid()
 .text._Z41__static_initialization_and_destruction_0ii
                0x00000000100005d0       0x20 CMakeFiles/neopixel.dir/neopixel.cpp.obj
 .text._ZN12NeopixelGrid4sendEv
                0x00000000100005f0       0x24 CMakeFiles/neopixel.dir/neopixel.cpp.obj
                0x00000000100005f0                NeopixelGrid::send()
 .text._ZN12NeopixelGrid3setEmh
                0x0000000010000614       0x34 CMakeFiles/neopixel.dir/neopixel.cpp.obj
                0x0000000010000614                NeopixelGrid::set(unsigned long, unsigned char)
 .text._ZN12NeopixelGrid4tickEv
                0x0000000010000648       0xa6 CMakeFiles/neopixel.dir/neopixel.cpp.obj
                0x0000000010000648                NeopixelGrid::tick()
 .text._ZN12NeopixelGrid3runEP7Command
                0x00000000100006ee        0xc CMakeFiles/neopixel.dir/neopixel.cpp.obj
                0x00000000100006ee                NeopixelGrid::run(Command*)
 *fill*         0x00000000100006fa        0x2 
 .text._Z12run_neopixelv
                0x00000000100006fc       0x1c CMakeFiles/neopixel.dir/neopixel.cpp.obj
                0x00000000100006fc                run_neopixel()
 .text._GLOBAL__sub_I_grid
                0x0000000010000718       0x10 CMakeFiles/neopixel.dir/neopixel.cpp.obj
 .text._ZN4WifiC2Ev
                0x0000000010000728       0x20 CMakeFiles/neopixel.dir/wifi.cpp.obj
                0x0000000010000728                Wifi::Wifi()
                0x0000000010000728                Wifi::Wifi()
 .text._ZN4WifiD2Ev
                0x0000000010000748        0xc CMakeFiles/neopixel.dir/wifi.cpp.obj
                0x0000000010000748                Wifi::~Wifi()
                0x0000000010000748                Wifi::~Wifi()
 .text._ZN4Wifi7connectEPKcS1_m
                0x0000000010000754       0x18 CMakeFiles/neopixel.dir/wifi.cpp.obj
                0x0000000010000754                Wifi::connect(char const*, char const*, unsigned long)
 .text._ZN11WifiStationC2Ev
                0x000000001000076c       0x10 CMakeFiles/neopixel.dir/wifi.cpp.obj
                0x000000001000076c                WifiStation::WifiStation()
                0x000000001000076c                WifiStation::WifiStation()
 .text._ZN11WifiStation7restartEv
                0x000000001000077c       0x18 CMakeFiles/neopixel.dir/wifi.cpp.obj
                0x000000001000077c                WifiStation::restart()
 .text._ZN9TcpServer16ServerConnection6isOpenEv
                0x0000000010000794        0xa CMakeFiles/neopixel.dir/server.cpp.obj
                0x0000000010000794                TcpServer::ServerConnection::isOpen()
 .text._ZN9TcpServer16ServerConnection4pollEPvP7tcp_pcb
                0x000000001000079e       0x10 CMakeFiles/neopixel.dir/server.cpp.obj
                0x000000001000079e                TcpServer::ServerConnection::poll(void*, tcp_pcb*)
 .text._ZN9TcpServer16ServerConnection5errorEPva
                0x00000000100007ae       0x16 CMakeFiles/neopixel.dir/server.cpp.obj
                0x00000000100007ae                TcpServer::ServerConnection::error(void*, signed char)
 .text._ZN9TcpServer16ServerConnection4sentEPvP7tcp_pcbt
                0x00000000100007c4       0x24 CMakeFiles/neopixel.dir/server.cpp.obj
                0x00000000100007c4                TcpServer::ServerConnection::sent(void*, tcp_pcb*, unsigned short)
 .text._ZN9TcpServer16ServerConnection5closeEv
                0x00000000100007e8       0x5c CMakeFiles/neopixel.dir/server.cpp.obj
                0x00000000100007e8                TcpServer::ServerConnection::close()
 .text._ZN9TcpServer16ServerConnection5abortEv
                0x0000000010000844       0x14 CMakeFiles/neopixel.dir/server.cpp.obj
                0x0000000010000844                TcpServer::ServerConnection::abort()
 .text._ZN9TcpServer16ServerConnection8receivedEPvP7tcp_pcbP4pbufa
                0x0000000010000858       0x70 CMakeFiles/neopixel.dir/server.cpp.obj
                0x0000000010000858                TcpServer::ServerConnection::received(void*, tcp_pcb*, pbuf*, signed char)
 .text._ZN9TcpServer16ServerConnection4sendEPhjb
                0x00000000100008c8       0x44 CMakeFiles/neopixel.dir/server.cpp.obj
                0x00000000100008c8                TcpServer::ServerConnection::send(unsigned char*, unsigned int, bool)
 .text._ZN9TcpServer16ServerConnection4openEPS_P7tcp_pcb
                0x000000001000090c       0x44 CMakeFiles/neopixel.dir/server.cpp.obj
                0x000000001000090c                TcpServer::ServerConnection::open(TcpServer*, tcp_pcb*)
 .text._ZN9TcpServerC2EP17ServerApplication
                0x0000000010000950       0x34 CMakeFiles/neopixel.dir/server.cpp.obj
                0x0000000010000950                TcpServer::TcpServer(ServerApplication*)
                0x0000000010000950                TcpServer::TcpServer(ServerApplication*)
 .text._ZN9TcpServer14allocateClientEPS_P7tcp_pcb
                0x0000000010000984       0x50 CMakeFiles/neopixel.dir/server.cpp.obj
                0x0000000010000984                TcpServer::allocateClient(TcpServer*, tcp_pcb*)
 .text._ZN9TcpServer6acceptEPvP7tcp_pcba
                0x00000000100009d4       0x48 CMakeFiles/neopixel.dir/server.cpp.obj
                0x00000000100009d4                TcpServer::accept(void*, tcp_pcb*, signed char)
 .text._ZN9TcpServer4openEt
                0x0000000010000a1c       0x90 CMakeFiles/neopixel.dir/server.cpp.obj
                0x0000000010000a1c                TcpServer::open(unsigned short)
 .text._ZN9TcpServer5closeEv
                0x0000000010000aac       0x5c CMakeFiles/neopixel.dir/server.cpp.obj
                0x0000000010000aac                TcpServer::close()
 .text._ZN9TcpServer3runEv
                0x0000000010000b08       0x12 CMakeFiles/neopixel.dir/server.cpp.obj
                0x0000000010000b08                TcpServer::run()
 .text._ZL6decodecc
                0x0000000010000b1a       0x64 CMakeFiles/neopixel.dir/webserver.cpp.obj
 .text._ZN9Webserver4pollEP10Connection
                0x0000000010000b7e        0x4 CMakeFiles/neopixel.dir/webserver.cpp.obj
                0x0000000010000b7e                Webserver::poll(Connection*)
 *fill*         0x0000000010000b82        0x2 
 .text._ZN9Webserver5errorEP10Connectiona
                0x0000000010000b84       0x10 CMakeFiles/neopixel.dir/webserver.cpp.obj
                0x0000000010000b84                Webserver::error(Connection*, signed char)
 .text._ZN9Webserver4sentEP10Connectiont
                0x0000000010000b94       0x1c CMakeFiles/neopixel.dir/webserver.cpp.obj
                0x0000000010000b94                Webserver::sent(Connection*, unsigned short)
 .text._ZN9Webserver9connectedEP10Connection
                0x0000000010000bb0       0x10 CMakeFiles/neopixel.dir/webserver.cpp.obj
                0x0000000010000bb0                Webserver::connected(Connection*)
 .text._ZN9Webserver6closedEP10Connection
                0x0000000010000bc0       0x10 CMakeFiles/neopixel.dir/webserver.cpp.obj
                0x0000000010000bc0                Webserver::closed(Connection*)
 .text._Z41__static_initialization_and_destruction_0ii
                0x0000000010000bd0       0x20 CMakeFiles/neopixel.dir/webserver.cpp.obj
 .text._ZN9ParameterC2EPKcS1_
                0x0000000010000bf0       0x18 CMakeFiles/neopixel.dir/webserver.cpp.obj
                0x0000000010000bf0                Parameter::Parameter(char const*, char const*)
                0x0000000010000bf0                Parameter::Parameter(char const*, char const*)
 .text._ZN9ParameternwEjP5Block
                0x0000000010000c08        0xe CMakeFiles/neopixel.dir/webserver.cpp.obj
                0x0000000010000c08                Parameter::operator new(unsigned int, Block*)
 .text._ZN9Parameter5asIntEv
                0x0000000010000c16        0xa CMakeFiles/neopixel.dir/webserver.cpp.obj
                0x0000000010000c16                Parameter::asInt()
 .text._ZN9Parameter5asRgbEv
                0x0000000010000c20       0x18 CMakeFiles/neopixel.dir/webserver.cpp.obj
                0x0000000010000c20                Parameter::asRgb()
 .text._ZN6HeaderC2EPKcS1_
                0x0000000010000c38       0x18 CMakeFiles/neopixel.dir/webserver.cpp.obj
                0x0000000010000c38                Header::Header(char const*, char const*)
                0x0000000010000c38                Header::Header(char const*, char const*)
 .text._ZN6HeadernwEjP5Block
                0x0000000010000c50        0xe CMakeFiles/neopixel.dir/webserver.cpp.obj
                0x0000000010000c50                Header::operator new(unsigned int, Block*)
 *fill*         0x0000000010000c5e        0x2 
 .text._ZN6Header6toSendEP5Block
                0x0000000010000c60       0x68 CMakeFiles/neopixel.dir/webserver.cpp.obj
                0x0000000010000c60                Header::toSend(Block*)
 .text._ZN11HttpRequestC2EP5Block
                0x0000000010000cc8       0x24 CMakeFiles/neopixel.dir/webserver.cpp.obj
                0x0000000010000cc8                HttpRequest::HttpRequest(Block*)
                0x0000000010000cc8                HttpRequest::HttpRequest(Block*)
 .text._ZN11HttpRequest16parseInitialLineERPcS1_i
                0x0000000010000cec      0x254 CMakeFiles/neopixel.dir/webserver.cpp.obj
                0x0000000010000cec                HttpRequest::parseInitialLine(char*&, char*&, int)
 .text._ZN11HttpRequest15parseHeaderLineERPcS1_i
                0x0000000010000f40       0xe4 CMakeFiles/neopixel.dir/webserver.cpp.obj
                0x0000000010000f40                HttpRequest::parseHeaderLine(char*&, char*&, int)
 .text._ZN11HttpRequest9parseBodyERPcS1_i
                0x0000000010001024       0x2c CMakeFiles/neopixel.dir/webserver.cpp.obj
                0x0000000010001024                HttpRequest::parseBody(char*&, char*&, int)
 .text._ZN11HttpRequest5parseEPvt
                0x0000000010001050       0x98 CMakeFiles/neopixel.dir/webserver.cpp.obj
                0x0000000010001050                HttpRequest::parse(void*, unsigned short)
 .text._ZN12HttpResponseC2EP5Block
                0x00000000100010e8       0x20 CMakeFiles/neopixel.dir/webserver.cpp.obj
                0x00000000100010e8                HttpResponse::HttpResponse(Block*)
                0x00000000100010e8                HttpResponse::HttpResponse(Block*)
 .text._ZN12HttpResponse9setStatusEiPKc
                0x0000000010001108        0x6 CMakeFiles/neopixel.dir/webserver.cpp.obj
                0x0000000010001108                HttpResponse::setStatus(int, char const*)
 .text._ZN12HttpResponse9addHeaderEPKcS1_
                0x000000001000110e       0x26 CMakeFiles/neopixel.dir/webserver.cpp.obj
                0x000000001000110e                HttpResponse::addHeader(char const*, char const*)
 .text._ZN12HttpResponse7setBodyEPKc
                0x0000000010001134        0x4 CMakeFiles/neopixel.dir/webserver.cpp.obj
                0x0000000010001134                HttpResponse::setBody(char const*)
 .text._ZN12HttpResponse12protocolLineEv
                0x0000000010001138       0x88 CMakeFiles/neopixel.dir/webserver.cpp.obj
                0x0000000010001138                HttpResponse::protocolLine()
 .text._ZN15HttpTransactionC2EP5Block
                0x00000000100011c0       0x1a CMakeFiles/neopixel.dir/webserver.cpp.obj
                0x00000000100011c0                HttpTransaction::HttpTransaction(Block*)
                0x00000000100011c0                HttpTransaction::HttpTransaction(Block*)
 .text._ZN15HttpTransactionnwEjP5Block
                0x00000000100011da        0xe CMakeFiles/neopixel.dir/webserver.cpp.obj
                0x00000000100011da                HttpTransaction::operator new(unsigned int, Block*)
 .text._ZN9Webserver7receiveEP10ConnectionPvt
                0x00000000100011e8      0x204 CMakeFiles/neopixel.dir/webserver.cpp.obj
                0x00000000100011e8                Webserver::receive(Connection*, void*, unsigned short)
 .text._ZN9Webserver13addApplictionEP6WebApp
                0x00000000100013ec       0x1e CMakeFiles/neopixel.dir/webserver.cpp.obj
                0x00000000100013ec                Webserver::addAppliction(WebApp*)
 *fill*         0x000000001000140a        0x2 
 .text._GLOBAL__sub_I__ZN9ParameterC2EPKcS1_
                0x000000001000140c       0x10 CMakeFiles/neopixel.dir/webserver.cpp.obj
 .text._ZN5BlockC2Ev
                0x000000001000141c       0x4c CMakeFiles/neopixel.dir/block_malloc.cpp.obj
                0x000000001000141c                Block::Block()
                0x000000001000141c                Block::Block()
 .text._ZN5Block10localAllocEj
                0x0000000010001468       0x2c CMakeFiles/neopixel.dir/block_malloc.cpp.obj
                0x0000000010001468                Block::localAlloc(unsigned int)
 .text._ZN5Block13allocateBlockEP9BlockPool
                0x0000000010001494       0x3c CMakeFiles/neopixel.dir/block_malloc.cpp.obj
                0x0000000010001494                Block::allocateBlock(BlockPool*)
 .text._ZN5Block4freeEv
                0x00000000100014d0       0x58 CMakeFiles/neopixel.dir/block_malloc.cpp.obj
                0x00000000100014d0                Block::free()
 .text._ZN9BlockPoolC2Ev
                0x0000000010001528       0x30 CMakeFiles/neopixel.dir/block_malloc.cpp.obj
                0x0000000010001528                BlockPool::BlockPool()
                0x0000000010001528                BlockPool::BlockPool()
 .text._ZN9BlockPool8allocateEv
                0x0000000010001558       0x80 CMakeFiles/neopixel.dir/block_malloc.cpp.obj
                0x0000000010001558                BlockPool::allocate()
 .text._ZN5Block8allocateEj
                0x00000000100015d8       0x50 CMakeFiles/neopixel.dir/block_malloc.cpp.obj
                0x00000000100015d8                Block::allocate(unsigned int)
 .text._ZN13BlockListBaseC2Ev
                0x0000000010001628       0x18 CMakeFiles/neopixel.dir/block_list.cpp.obj
                0x0000000010001628                BlockListBase::BlockListBase()
                0x0000000010001628                BlockListBase::BlockListBase()
 .text._ZN13BlockListBasenwEjP5Block
                0x0000000010001640        0xe CMakeFiles/neopixel.dir/block_list.cpp.obj
                0x0000000010001640                BlockListBase::operator new(unsigned int, Block*)
 .text._ZN13BlockListBase3addEP5BlockPv
                0x000000001000164e       0x30 CMakeFiles/neopixel.dir/block_list.cpp.obj
                0x000000001000164e                BlockListBase::add(Block*, void*)
 .text._ZN17BlockListBaseIterC2EP13BlockListBase
                0x000000001000167e        0x8 CMakeFiles/neopixel.dir/block_list.cpp.obj
                0x000000001000167e                BlockListBaseIter::BlockListBaseIter(BlockListBase*)
                0x000000001000167e                BlockListBaseIter::BlockListBaseIter(BlockListBase*)
 .text._ZN13BlockListBase4iterEv
                0x0000000010001686        0xc CMakeFiles/neopixel.dir/block_list.cpp.obj
                0x0000000010001686                BlockListBase::iter()
 .text._ZN17BlockListBaseIter4nextEv
                0x0000000010001692       0x30 CMakeFiles/neopixel.dir/block_list.cpp.obj
                0x0000000010001692                BlockListBaseIter::next()
 *fill*         0x00000000100016c2        0x2 
 .text._ZN14NeopixelWebapp7matchesEPKcS1_
                0x00000000100016c4       0x40 CMakeFiles/neopixel.dir/neopixel_webapp.cpp.obj
                0x00000000100016c4                NeopixelWebapp::matches(char const*, char const*)
 .text._ZN14NeopixelWebapp7processER11HttpRequestR12HttpResponse
                0x0000000010001704       0xdc CMakeFiles/neopixel.dir/neopixel_webapp.cpp.obj
                0x0000000010001704                NeopixelWebapp::process(HttpRequest&, HttpResponse&)
 .text.gpio_set_function
                0x00000000100017e0       0x30 CMakeFiles/neopixel.dir/home/rbp28668/pico/pico-sdk/src/rp2_common/hardware_gpio/gpio.c.obj
                0x00000000100017e0                gpio_set_function
 .text.gpio_set_pulls
                0x0000000010001810       0x34 CMakeFiles/neopixel.dir/home/rbp28668/pico/pico-sdk/src/rp2_common/hardware_gpio/gpio.c.obj
                0x0000000010001810                gpio_set_pulls
 .text.gpio_set_input_hysteresis_enabled
                0x0000000010001844       0x30 CMakeFiles/neopixel.dir/home/rbp28668/pico/pico-sdk/src/rp2_common/hardware_gpio/gpio.c.obj
                0x0000000010001844                gpio_set_input_hysteresis_enabled
 .text.gpio_add_raw_irq_handler_with_order_priority_masked
                0x0000000010001874       0x40 CMakeFiles/neopixel.dir/home/rbp28668/pico/pico-sdk/src/rp2_common/hardware_gpio/gpio.c.obj
                0x0000000010001874                gpio_add_raw_irq_handler_with_order_priority_masked
 .text.gpio_remove_raw_irq_handler_masked
                0x00000000100018b4       0x48 CMakeFiles/neopixel.dir/home/rbp28668/pico/pico-sdk/src/rp2_common/hardware_gpio/gpio.c.obj
                0x00000000100018b4                gpio_remove_raw_irq_handler_masked
 .text.gpio_acknowledge_irq
                0x00000000100018fc       0x18 CMakeFiles/neopixel.dir/home/rbp28668/pico/pico-sdk/src/rp2_common/hardware_gpio/gpio.c.obj
                0x00000000100018fc                gpio_acknowledge_irq
 .text._gpio_set_irq_enabled
                0x0000000010001914       0x34 CMakeFiles/neopixel.dir/home/rbp28668/pico/pico-sdk/src/rp2_common/hardware_gpio/gpio.c.obj
 .text.gpio_set_irq_enabled
                0x0000000010001948       0x20 CMakeFiles/neopixel.dir/home/rbp28668/pico/pico-sdk/src/rp2_common/hardware_gpio/gpio.c.obj
                0x0000000010001948                gpio_set_irq_enabled
 .text.gpio_init
                0x0000000010001968       0x16 CMakeFiles/neopixel.dir/home/rbp28668/pico/pico-sdk/src/rp2_common/hardware_gpio/gpio.c.obj
                0x0000000010001968                gpio_init
 *fill*         0x000000001000197e        0x2 
 .text.hw_claim_lock
                0x0000000010001980       0x18 CMakeFiles/neopixel.dir/home/rbp28668/pico/pico-sdk/src/rp2_common/hardware_claim/claim.c.obj
                0x0000000010001980                hw_claim_lock
 .text.hw_claim_unlock
                0x0000000010001998       0x14 CMakeFiles/neopixel.dir/home/rbp28668/pico/pico-sdk/src/rp2_common/hardware_claim/claim.c.obj
                0x0000000010001998                hw_claim_unlock
 .text.hw_claim_or_assert
                0x00000000100019ac       0x32 CMakeFiles/neopixel.dir/home/rbp28668/pico/pico-sdk/src/rp2_common/hardware_claim/claim.c.obj
                0x00000000100019ac                hw_claim_or_assert
 .text.hw_claim_unused_from_range
                0x00000000100019de       0x50 CMakeFiles/neopixel.dir/home/rbp28668/pico/pico-sdk/src/rp2_common/hardware_claim/claim.c.obj
                0x00000000100019de                hw_claim_unused_from_range
 *fill*         0x0000000010001a2e        0x2 
 .text.hw_claim_clear
                0x0000000010001a30       0x40 CMakeFiles/neopixel.dir/home/rbp28668/pico/pico-sdk/src/rp2_common/hardware_claim/claim.c.obj
                0x0000000010001a30                hw_claim_clear
 .text.running_on_fpga
                0x0000000010001a70       0x14 CMakeFiles/neopixel.dir/home/rbp28668/pico/pico-sdk/src/rp2_common/pico_platform/platform.c.obj
                0x0000000010001a70                running_on_fpga
 .text.spin_locks_reset
                0x0000000010001a84       0x20 CMakeFiles/neopixel.dir/home/rbp28668/pico/pico-sdk/src/rp2_common/hardware_sync/sync.c.obj
                0x0000000010001a84                spin_locks_reset
 .text.next_striped_spin_lock_num
                0x0000000010001aa4       0x1c CMakeFiles/neopixel.dir/home/rbp28668/pico/pico-sdk/src/rp2_common/hardware_sync/sync.c.obj
                0x0000000010001aa4                next_striped_spin_lock_num
 .text.set_raw_irq_handler_and_unlock
                0x0000000010001ac0       0x28 CMakeFiles/neopixel.dir/home/rbp28668/pico/pico-sdk/src/rp2_common/hardware_irq/irq.c.obj
 .text.make_branch
                0x0000000010001ae8       0x48 CMakeFiles/neopixel.dir/home/rbp28668/pico/pico-sdk/src/rp2_common/hardware_irq/irq.c.obj
 .text.insert_branch_and_link
                0x0000000010001b30       0x40 CMakeFiles/neopixel.dir/home/rbp28668/pico/pico-sdk/src/rp2_common/hardware_irq/irq.c.obj
 .text.irq_is_enabled
                0x0000000010001b70       0x18 CMakeFiles/neopixel.dir/home/rbp28668/pico/pico-sdk/src/rp2_common/hardware_irq/irq.c.obj
                0x0000000010001b70                irq_is_enabled
 .text.irq_set_mask_enabled
                0x0000000010001b88       0x20 CMakeFiles/neopixel.dir/home/rbp28668/pico/pico-sdk/src/rp2_common/hardware_irq/irq.c.obj
                0x0000000010001b88                irq_set_mask_enabled
 .text.irq_set_enabled
                0x0000000010001ba8        0xe CMakeFiles/neopixel.dir/home/rbp28668/pico/pico-sdk/src/rp2_common/hardware_irq/irq.c.obj
                0x0000000010001ba8                irq_set_enabled
 *fill*         0x0000000010001bb6        0x2 
 .text.irq_get_vtable_handler
                0x0000000010001bb8       0x10 CMakeFiles/neopixel.dir/home/rbp28668/pico/pico-sdk/src/rp2_common/hardware_irq/irq.c.obj
                0x0000000010001bb8                irq_get_vtable_handler
 .text.irq_set_exclusive_handler
                0x0000000010001bc8       0x54 CMakeFiles/neopixel.dir/home/rbp28668/pico/pico-sdk/src/rp2_common/hardware_irq/irq.c.obj
                0x0000000010001bc8                irq_set_exclusive_handler
 .text.irq_add_shared_handler
                0x0000000010001c1c      0x230 CMakeFiles/neopixel.dir/home/rbp28668/pico/pico-sdk/src/rp2_common/hardware_irq/irq.c.obj
                0x0000000010001c1c                irq_add_shared_handler
 .text.irq_remove_handler
                0x0000000010001e4c      0x1a8 CMakeFiles/neopixel.dir/home/rbp28668/pico/pico-sdk/src/rp2_common/hardware_irq/irq.c.obj
                0x0000000010001e4c                irq_remove_handler
 .text.irq_add_tail_to_free_list
                0x0000000010001ff4       0xf0 CMakeFiles/neopixel.dir/home/rbp28668/pico/pico-sdk/src/rp2_common/hardware_irq/irq.c.obj
                0x0000000010001ff4                irq_add_tail_to_free_list
 .text.irq_init_priorities
                0x00000000100020e4       0x1c CMakeFiles/neopixel.dir/home/rbp28668/pico/pico-sdk/src/rp2_common/hardware_irq/irq.c.obj
                0x00000000100020e4                irq_init_priorities
 .text.lock_init
                0x0000000010002100       0x10 CMakeFiles/neopixel.dir/home/rbp28668/pico/pico-sdk/src/common/pico_sync/lock_core.c.obj
                0x0000000010002100                lock_init
 .text.alarm_pool_post_alloc_init
                0x0000000010002110       0x40 CMakeFiles/neopixel.dir/home/rbp28668/pico/pico-sdk/src/common/pico_time/time.c.obj
 .text.sleep_until_callback
                0x0000000010002150       0x30 CMakeFiles/neopixel.dir/home/rbp28668/pico/pico-sdk/src/common/pico_time/time.c.obj
 .text.timer_pool_entry_comparator
                0x0000000010002180       0x7c CMakeFiles/neopixel.dir/home/rbp28668/pico/pico-sdk/src/common/pico_time/time.c.obj
                0x0000000010002180                timer_pool_entry_comparator
 .text.ph_add_child_node
                0x00000000100021fc       0xa4 CMakeFiles/neopixel.dir/home/rbp28668/pico/pico-sdk/src/common/pico_time/time.c.obj
 .text.ph_merge_nodes
                0x00000000100022a0       0x3e CMakeFiles/neopixel.dir/home/rbp28668/pico/pico-sdk/src/common/pico_time/time.c.obj
 *fill*         0x00000000100022de        0x2 
 .text.add_alarm_under_lock
                0x00000000100022e0      0x174 CMakeFiles/neopixel.dir/home/rbp28668/pico/pico-sdk/src/common/pico_time/time.c.obj
 .text.alarm_pool_alarm_callback
                0x0000000010002454      0x328 CMakeFiles/neopixel.dir/home/rbp28668/pico/pico-sdk/src/common/pico_time/time.c.obj
 .text.alarm_pool_init_default
                0x000000001000277c       0x38 CMakeFiles/neopixel.dir/home/rbp28668/pico/pico-sdk/src/common/pico_time/time.c.obj
                0x000000001000277c                alarm_pool_init_default
 .text.alarm_pool_get_default
                0x00000000100027b4       0x2c CMakeFiles/neopixel.dir/home/rbp28668/pico/pico-sdk/src/common/pico_time/time.c.obj
                0x00000000100027b4                alarm_pool_get_default
 .text.alarm_pool_add_alarm_at
                0x00000000100027e0      0x170 CMakeFiles/neopixel.dir/home/rbp28668/pico/pico-sdk/src/common/pico_time/time.c.obj
                0x00000000100027e0                alarm_pool_add_alarm_at
 .text.alarm_pool_cancel_alarm
                0x0000000010002950       0xf0 CMakeFiles/neopixel.dir/home/rbp28668/pico/pico-sdk/src/common/pico_time/time.c.obj
                0x0000000010002950                alarm_pool_cancel_alarm
 .text.sleep_until
                0x0000000010002a40       0xfc CMakeFiles/neopixel.dir/home/rbp28668/pico/pico-sdk/src/common/pico_time/time.c.obj
                0x0000000010002a40                sleep_until
 .text.sleep_us
                0x0000000010002b3c       0x58 CMakeFiles/neopixel.dir/home/rbp28668/pico/pico-sdk/src/common/pico_time/time.c.obj
                0x0000000010002b3c                sleep_us
 .text.sleep_ms
                0x0000000010002b94       0x14 CMakeFiles/neopixel.dir/home/rbp28668/pico/pico-sdk/src/common/pico_time/time.c.obj
                0x0000000010002b94                sleep_ms
 .text.best_effort_wfe_or_timeout
                0x0000000010002ba8       0x80 CMakeFiles/neopixel.dir/home/rbp28668/pico/pico-sdk/src/common/pico_time/time.c.obj
                0x0000000010002ba8                best_effort_wfe_or_timeout
 .text.hardware_alarm_irq_handler
                0x0000000010002c28       0x8c CMakeFiles/neopixel.dir/home/rbp28668/pico/pico-sdk/src/rp2_common/hardware_timer/timer.c.obj
 .text.hardware_alarm_claim
                0x0000000010002cb4       0x18 CMakeFiles/neopixel.dir/home/rbp28668/pico/pico-sdk/src/rp2_common/hardware_timer/timer.c.obj
                0x0000000010002cb4                hardware_alarm_claim
 .text.time_us_64
                0x0000000010002ccc       0x18 CMakeFiles/neopixel.dir/home/rbp28668/pico/pico-sdk/src/rp2_common/hardware_timer/timer.c.obj
                0x0000000010002ccc                time_us_64
 .text.busy_wait_until
                0x0000000010002ce4       0x28 CMakeFiles/neopixel.dir/home/rbp28668/pico/pico-sdk/src/rp2_common/hardware_timer/timer.c.obj
                0x0000000010002ce4                busy_wait_until
 .text.hardware_alarm_set_callback
                0x0000000010002d0c       0x90 CMakeFiles/neopixel.dir/home/rbp28668/pico/pico-sdk/src/rp2_common/hardware_timer/timer.c.obj
                0x0000000010002d0c                hardware_alarm_set_callback
 .text.hardware_alarm_set_target
                0x0000000010002d9c       0xe8 CMakeFiles/neopixel.dir/home/rbp28668/pico/pico-sdk/src/rp2_common/hardware_timer/timer.c.obj
                0x0000000010002d9c                hardware_alarm_set_target
 .text.hardware_alarm_cancel
                0x0000000010002e84       0x40 CMakeFiles/neopixel.dir/home/rbp28668/pico/pico-sdk/src/rp2_common/hardware_timer/timer.c.obj
                0x0000000010002e84                hardware_alarm_cancel
 .text.ph_add_child_node
                0x0000000010002ec4       0xa4 CMakeFiles/neopixel.dir/home/rbp28668/pico/pico-sdk/src/common/pico_util/pheap.c.obj
 .text.ph_merge_nodes
                0x0000000010002f68       0x3e CMakeFiles/neopixel.dir/home/rbp28668/pico/pico-sdk/src/common/pico_util/pheap.c.obj
 *fill*         0x0000000010002fa6        0x2 
 .text.ph_clear
                0x0000000010002fa8       0x70 CMakeFiles/neopixel.dir/home/rbp28668/pico/pico-sdk/src/common/pico_util/pheap.c.obj
                0x0000000010002fa8                ph_clear
 .text.ph_post_alloc_init
                0x0000000010003018        0xe CMakeFiles/neopixel.dir/home/rbp28668/pico/pico-sdk/src/common/pico_util/pheap.c.obj
                0x0000000010003018                ph_post_alloc_init
 *fill*         0x0000000010003026        0x2 
 .text.ph_merge_two_pass
                0x0000000010003028       0xa8 CMakeFiles/neopixel.dir/home/rbp28668/pico/pico-sdk/src/common/pico_util/pheap.c.obj
                0x0000000010003028                ph_merge_two_pass
 .text.ph_remove_any_head
                0x00000000100030d0      0x108 CMakeFiles/neopixel.dir/home/rbp28668/pico/pico-sdk/src/common/pico_util/pheap.c.obj
 .text.ph_remove_head
                0x00000000100031d8       0x14 CMakeFiles/neopixel.dir/home/rbp28668/pico/pico-sdk/src/common/pico_util/pheap.c.obj
                0x00000000100031d8                ph_remove_head
 .text.ph_remove_and_free_node
                0x00000000100031ec       0xf8 CMakeFiles/neopixel.dir/home/rbp28668/pico/pico-sdk/src/common/pico_util/pheap.c.obj
                0x00000000100031ec                ph_remove_and_free_node
 .text.queue_add_internal
                0x00000000100032e4       0xa0 CMakeFiles/neopixel.dir/home/rbp28668/pico/pico-sdk/src/common/pico_util/queue.c.obj
 .text.queue_remove_internal
                0x0000000010003384       0xa4 CMakeFiles/neopixel.dir/home/rbp28668/pico/pico-sdk/src/common/pico_util/queue.c.obj
 .text.queue_init_with_spinlock
                0x0000000010003428       0x24 CMakeFiles/neopixel.dir/home/rbp28668/pico/pico-sdk/src/common/pico_util/queue.c.obj
                0x0000000010003428                queue_init_with_spinlock
 .text.queue_try_add
                0x000000001000344c        0xa CMakeFiles/neopixel.dir/home/rbp28668/pico/pico-sdk/src/common/pico_util/queue.c.obj
                0x000000001000344c                queue_try_add
 .text.queue_try_remove
                0x0000000010003456        0xa CMakeFiles/neopixel.dir/home/rbp28668/pico/pico-sdk/src/common/pico_util/queue.c.obj
                0x0000000010003456                queue_try_remove
 .text.mutex_init
                0x0000000010003460       0x1a CMakeFiles/neopixel.dir/home/rbp28668/pico/pico-sdk/src/common/pico_sync/mutex.c.obj
                0x0000000010003460                mutex_init
 .text.recursive_mutex_init
                0x000000001000347a       0x1e CMakeFiles/neopixel.dir/home/rbp28668/pico/pico-sdk/src/common/pico_sync/mutex.c.obj
                0x000000001000347a                recursive_mutex_init
 .text.uart_set_baudrate
                0x0000000010003498       0x5c CMakeFiles/neopixel.dir/home/rbp28668/pico/pico-sdk/src/rp2_common/hardware_uart/uart.c.obj
                0x0000000010003498                uart_set_baudrate
 .text.uart_set_translate_crlf
                0x00000000100034f4       0x28 CMakeFiles/neopixel.dir/home/rbp28668/pico/pico-sdk/src/rp2_common/hardware_uart/uart.c.obj
                0x00000000100034f4                uart_set_translate_crlf
 .text.uart_init
                0x000000001000351c       0x80 CMakeFiles/neopixel.dir/home/rbp28668/pico/pico-sdk/src/rp2_common/hardware_uart/uart.c.obj
                0x000000001000351c                uart_init
 .text._exit    0x000000001000359c        0x4 CMakeFiles/neopixel.dir/home/rbp28668/pico/pico-sdk/src/rp2_common/pico_runtime/runtime.c.obj
                0x000000001000359c                _exit
 .text._sbrk    0x00000000100035a0       0x38 CMakeFiles/neopixel.dir/home/rbp28668/pico/pico-sdk/src/rp2_common/pico_runtime/runtime.c.obj
                0x00000000100035a0                _sbrk
 .text.exit     0x00000000100035d8        0x6 CMakeFiles/neopixel.dir/home/rbp28668/pico/pico-sdk/src/rp2_common/pico_runtime/runtime.c.obj
                0x00000000100035d8                exit
 *fill*         0x00000000100035de        0x2 
 .text.__assert_func
                0x00000000100035e0       0x3c CMakeFiles/neopixel.dir/home/rbp28668/pico/pico-sdk/src/rp2_common/pico_runtime/runtime.c.obj
                0x00000000100035e0                __assert_func
 .text.runtime_init
                0x000000001000361c       0xf8 CMakeFiles/neopixel.dir/home/rbp28668/pico/pico-sdk/src/rp2_common/pico_runtime/runtime.c.obj
                0x000000001000361c                runtime_init
 .text.panic    0x0000000010003714       0x30 CMakeFiles/neopixel.dir/home/rbp28668/pico/pico-sdk/src/rp2_common/pico_runtime/runtime.c.obj
                0x0000000010003714                panic
 .text.panic_unsupported
                0x0000000010003744        0xc CMakeFiles/neopixel.dir/home/rbp28668/pico/pico-sdk/src/rp2_common/pico_runtime/runtime.c.obj
                0x0000000010003744                panic_unsupported
 .text.clock_configure
                0x0000000010003750      0x104 CMakeFiles/neopixel.dir/home/rbp28668/pico/pico-sdk/src/rp2_common/hardware_clocks/clocks.c.obj
                0x0000000010003750                clock_configure
 .text.clocks_init
                0x0000000010003854      0x100 CMakeFiles/neopixel.dir/home/rbp28668/pico/pico-sdk/src/rp2_common/hardware_clocks/clocks.c.obj
                0x0000000010003854                clocks_init
 .text.clock_get_hz
                0x0000000010003954        0xc CMakeFiles/neopixel.dir/home/rbp28668/pico/pico-sdk/src/rp2_common/hardware_clocks/clocks.c.obj
                0x0000000010003954                clock_get_hz
 .text.pll_init
                0x0000000010003960      0x140 CMakeFiles/neopixel.dir/home/rbp28668/pico/pico-sdk/src/rp2_common/hardware_pll/pll.c.obj
                0x0000000010003960                pll_init
 .text.watchdog_start_tick
                0x0000000010003aa0       0x10 CMakeFiles/neopixel.dir/home/rbp28668/pico/pico-sdk/src/rp2_common/hardware_watchdog/watchdog.c.obj
                0x0000000010003aa0                watchdog_start_tick
 .text.xosc_init
                0x0000000010003ab0       0x28 CMakeFiles/neopixel.dir/home/rbp28668/pico/pico-sdk/src/rp2_common/hardware_xosc/xosc.c.obj
                0x0000000010003ab0                xosc_init
 .text._out_null
                0x0000000010003ad8        0x2 CMakeFiles/neopixel.dir/home/rbp28668/pico/pico-sdk/src/rp2_common/pico_printf/printf.c.obj
 .text._out_fct
                0x0000000010003ada        0xe CMakeFiles/neopixel.dir/home/rbp28668/pico/pico-sdk/src/rp2_common/pico_printf/printf.c.obj
 .text._atoi    0x0000000010003ae8       0x24 CMakeFiles/neopixel.dir/home/rbp28668/pico/pico-sdk/src/rp2_common/pico_printf/printf.c.obj
 .text._out_rev
                0x0000000010003b0c       0xae CMakeFiles/neopixel.dir/home/rbp28668/pico/pico-sdk/src/rp2_common/pico_printf/printf.c.obj
 .text._ntoa_format
                0x0000000010003bba      0x112 CMakeFiles/neopixel.dir/home/rbp28668/pico/pico-sdk/src/rp2_common/pico_printf/printf.c.obj
 .text._ntoa_long
                0x0000000010003ccc       0xbc CMakeFiles/neopixel.dir/home/rbp28668/pico/pico-sdk/src/rp2_common/pico_printf/printf.c.obj
 .text._ntoa_long_long
                0x0000000010003d88       0xe2 CMakeFiles/neopixel.dir/home/rbp28668/pico/pico-sdk/src/rp2_common/pico_printf/printf.c.obj
 *fill*         0x0000000010003e6a        0x2 
 .text._etoa    0x0000000010003e6c      0x414 CMakeFiles/neopixel.dir/home/rbp28668/pico/pico-sdk/src/rp2_common/pico_printf/printf.c.obj
 .text._ftoa    0x0000000010004280      0x354 CMakeFiles/neopixel.dir/home/rbp28668/pico/pico-sdk/src/rp2_common/pico_printf/printf.c.obj
 .text._vsnprintf
                0x00000000100045d4      0x624 CMakeFiles/neopixel.dir/home/rbp28668/pico/pico-sdk/src/rp2_common/pico_printf/printf.c.obj
 .text.vfctprintf
                0x0000000010004bf8       0x20 CMakeFiles/neopixel.dir/home/rbp28668/pico/pico-sdk/src/rp2_common/pico_printf/printf.c.obj
                0x0000000010004bf8                vfctprintf
 .text          0x0000000010004c18       0x10 CMakeFiles/neopixel.dir/home/rbp28668/pico/pico-sdk/src/rp2_common/pico_bit_ops/bit_ops_aeabi.S.obj
 .text.ctzsi    0x0000000010004c28        0xc CMakeFiles/neopixel.dir/home/rbp28668/pico/pico-sdk/src/rp2_common/pico_bit_ops/bit_ops_aeabi.S.obj
                0x0000000010004c28                __wrap___ctzsi2
 .text.rom_func_lookup
                0x0000000010004c34       0x10 CMakeFiles/neopixel.dir/home/rbp28668/pico/pico-sdk/src/rp2_common/pico_bootrom/bootrom.c.obj
                0x0000000010004c34                rom_func_lookup
 .text.rom_data_lookup
                0x0000000010004c44       0x10 CMakeFiles/neopixel.dir/home/rbp28668/pico/pico-sdk/src/rp2_common/pico_bootrom/bootrom.c.obj
                0x0000000010004c44                rom_data_lookup
 .text.rom_funcs_lookup
                0x0000000010004c54       0x36 CMakeFiles/neopixel.dir/home/rbp28668/pico/pico-sdk/src/rp2_common/pico_bootrom/bootrom.c.obj
                0x0000000010004c54                rom_funcs_lookup
 *fill*         0x0000000010004c8a        0x2 
 .text.__wrap___aeabi_idiv
                0x0000000010004c8c       0x50 CMakeFiles/neopixel.dir/home/rbp28668/pico/pico-sdk/src/rp2_common/pico_divider/divider.S.obj
                0x0000000010004c8c                __wrap___aeabi_idivmod
                0x0000000010004c8c                divmod_s32s32
                0x0000000010004c8c                div_s32s32
                0x0000000010004c8c                __wrap___aeabi_idiv
                0x0000000010004c94                divmod_s32s32_unsafe
                0x0000000010004cc0                divmod_s32s32_savestate
 .text.__wrap___aeabi_uidiv
                0x0000000010004cdc       0x4c CMakeFiles/neopixel.dir/home/rbp28668/pico/pico-sdk/src/rp2_common/pico_divider/divider.S.obj
                0x0000000010004cdc                __wrap___aeabi_uidiv
                0x0000000010004cdc                __wrap___aeabi_uidivmod
                0x0000000010004cdc                div_u32u32
                0x0000000010004cdc                divmod_u32u32
                0x0000000010004ce4                divmod_u32u32_unsafe
                0x0000000010004d0c                divmod_u32u32_savestate
 .text.__wrap___aeabi_ldiv
                0x0000000010004d28      0x434 CMakeFiles/neopixel.dir/home/rbp28668/pico/pico-sdk/src/rp2_common/pico_divider/divider.S.obj
                0x0000000010004d28                div_s64s64
                0x0000000010004d28                divmod_s64s64
                0x0000000010004d28                __wrap___aeabi_ldivmod
                0x0000000010004d60                div_u64u64
                0x0000000010004d60                divmod_u64u64
                0x0000000010004d60                __wrap___aeabi_uldivmod
                0x0000000010004d70                divmod_u64u64_savestate
                0x0000000010004d98                divmod_s64s64_unsafe
                0x0000000010004e20                divmod_u64u64_unsafe
 .text.__wrap___aeabi_darithmetic
                0x000000001000515c       0x60 CMakeFiles/neopixel.dir/home/rbp28668/pico/pico-sdk/src/rp2_common/pico_double/double_aeabi.S.obj
                0x000000001000515c                __wrap___aeabi_drsub
                0x0000000010005162                __wrap___aeabi_dsub
                0x000000001000516c                __wrap___aeabi_dadd
                0x0000000010005176                __wrap___aeabi_ddiv
                0x00000000100051aa                __wrap___aeabi_dmul
 .text.__wrap___aeabi_cdcmple
                0x00000000100051bc       0x6c CMakeFiles/neopixel.dir/home/rbp28668/pico/pico-sdk/src/rp2_common/pico_double/double_aeabi.S.obj
                0x00000000100051bc                __wrap___aeabi_cdrcmple
                0x00000000100051cc                __wrap___aeabi_cdcmple
                0x00000000100051cc                __wrap___aeabi_cdcmpeq
 .text.__wrap___aeabi_dcmplt
                0x0000000010005228        0xc CMakeFiles/neopixel.dir/home/rbp28668/pico/pico-sdk/src/rp2_common/pico_double/double_aeabi.S.obj
                0x0000000010005228                __wrap___aeabi_dcmplt
 .text.__wrap___aeabi_dcmple
                0x0000000010005234       0x10 CMakeFiles/neopixel.dir/home/rbp28668/pico/pico-sdk/src/rp2_common/pico_double/double_aeabi.S.obj
                0x0000000010005234                __wrap___aeabi_dcmple
 .text.__wrap___aeabi_dcmpge
                0x0000000010005244       0x10 CMakeFiles/neopixel.dir/home/rbp28668/pico/pico-sdk/src/rp2_common/pico_double/double_aeabi.S.obj
                0x0000000010005244                __wrap___aeabi_dcmpge
 .text.__wrap___aeabi_dcmpgt
                0x0000000010005254        0xa CMakeFiles/neopixel.dir/home/rbp28668/pico/pico-sdk/src/rp2_common/pico_double/double_aeabi.S.obj
                0x0000000010005254                __wrap___aeabi_dcmpgt
 .text.__wrap___aeabi_dcmpun
                0x000000001000525e       0x1c CMakeFiles/neopixel.dir/home/rbp28668/pico/pico-sdk/src/rp2_common/pico_double/double_aeabi.S.obj
                0x000000001000525e                __wrap___aeabi_dcmpun
 *fill*         0x000000001000527a        0x2 
 .text.__wrap___aeabi_i2d
                0x000000001000527c       0x38 CMakeFiles/neopixel.dir/home/rbp28668/pico/pico-sdk/src/rp2_common/pico_double/double_aeabi.S.obj
                0x000000001000527c                __wrap___aeabi_ui2d
                0x0000000010005284                __wrap___aeabi_i2d
 .text.__wrap___aeabi_d2iz
                0x00000000100052b4       0x48 CMakeFiles/neopixel.dir/home/rbp28668/pico/pico-sdk/src/rp2_common/pico_double/double_aeabi.S.obj
                0x00000000100052b4                __wrap___aeabi_d2iz
                0x00000000100052b4                double2int_z
 .text.__wrap___aeabi_d2uiz
                0x00000000100052fc       0x10 CMakeFiles/neopixel.dir/home/rbp28668/pico/pico-sdk/src/rp2_common/pico_double/double_aeabi.S.obj
                0x00000000100052fc                double2uint
                0x00000000100052fc                __wrap___aeabi_d2uiz
 .text.missing_double_func_shim
                0x000000001000530c        0xc CMakeFiles/neopixel.dir/home/rbp28668/pico/pico-sdk/src/rp2_common/pico_double/double_init_rom.c.obj
 .text.__aeabi_double_init
                0x0000000010005318       0xcc CMakeFiles/neopixel.dir/home/rbp28668/pico/pico-sdk/src/rp2_common/pico_double/double_init_rom.c.obj
                0x0000000010005318                __aeabi_double_init
 .text.double_table_shim_on_use_helper
                0x00000000100053e4       0x34 CMakeFiles/neopixel.dir/home/rbp28668/pico/pico-sdk/src/rp2_common/pico_double/double_v1_rom_shim.S.obj
                0x00000000100053e4                double_table_shim_on_use_helper
 .text.__aeabi_lmul
                0x0000000010005418       0x32 CMakeFiles/neopixel.dir/home/rbp28668/pico/pico-sdk/src/rp2_common/pico_int64_ops/pico_int64_ops_aeabi.S.obj
                0x0000000010005418                __wrap___aeabi_lmul
 *fill*         0x000000001000544a        0x2 
 .text.__wrap___aeabi_farithmetic
                0x000000001000544c       0x48 CMakeFiles/neopixel.dir/home/rbp28668/pico/pico-sdk/src/rp2_common/pico_float/float_aeabi.S.obj
                0x000000001000544c                __wrap___aeabi_frsub
                0x0000000010005452                __wrap___aeabi_fsub
                0x0000000010005458                __wrap___aeabi_fadd
                0x000000001000545e                __wrap___aeabi_fdiv
                0x0000000010005486                __wrap___aeabi_fmul
 .text.__wrap___aeabi_ui2f
                0x0000000010005494        0xa CMakeFiles/neopixel.dir/home/rbp28668/pico/pico-sdk/src/rp2_common/pico_float/float_aeabi.S.obj
                0x0000000010005494                __wrap___aeabi_ui2f
 *fill*         0x000000001000549e        0x2 
 .text.__wrap___aeabi_i2f
                0x00000000100054a0       0x44 CMakeFiles/neopixel.dir/home/rbp28668/pico/pico-sdk/src/rp2_common/pico_float/float_aeabi.S.obj
                0x00000000100054a0                __wrap___aeabi_i2f
 .text.__wrap___aeabi_f2uiz
                0x00000000100054e4        0xc CMakeFiles/neopixel.dir/home/rbp28668/pico/pico-sdk/src/rp2_common/pico_float/float_aeabi.S.obj
                0x00000000100054e4                __wrap___aeabi_f2uiz
 .text.missing_float_func_shim
                0x00000000100054f0        0xc CMakeFiles/neopixel.dir/home/rbp28668/pico/pico-sdk/src/rp2_common/pico_float/float_init_rom.c.obj
 .text.__aeabi_float_init
                0x00000000100054fc       0x88 CMakeFiles/neopixel.dir/home/rbp28668/pico/pico-sdk/src/rp2_common/pico_float/float_init_rom.c.obj
                0x00000000100054fc                __aeabi_float_init
 .text.__wrap_malloc
                0x0000000010005584       0x3c CMakeFiles/neopixel.dir/home/rbp28668/pico/pico-sdk/src/rp2_common/pico_malloc/pico_malloc.c.obj
                0x0000000010005584                __wrap_malloc
 .text.__wrap_calloc
                0x00000000100055c0       0x40 CMakeFiles/neopixel.dir/home/rbp28668/pico/pico-sdk/src/rp2_common/pico_malloc/pico_malloc.c.obj
                0x00000000100055c0                __wrap_calloc
 .text.__wrap_free
                0x0000000010005600       0x20 CMakeFiles/neopixel.dir/home/rbp28668/pico/pico-sdk/src/rp2_common/pico_malloc/pico_malloc.c.obj
                0x0000000010005600                __wrap_free
 .text          0x0000000010005620       0x10 CMakeFiles/neopixel.dir/home/rbp28668/pico/pico-sdk/src/rp2_common/pico_mem_ops/mem_ops_aeabi.S.obj
                0x0000000010005620                __aeabi_mem_init
 .text.memset   0x0000000010005630        0xc CMakeFiles/neopixel.dir/home/rbp28668/pico/pico-sdk/src/rp2_common/pico_mem_ops/mem_ops_aeabi.S.obj
                0x0000000010005630                __wrap_memset
 .text.memcpy   0x000000001000563c        0xc CMakeFiles/neopixel.dir/home/rbp28668/pico/pico-sdk/src/rp2_common/pico_mem_ops/mem_ops_aeabi.S.obj
                0x000000001000563c                __wrap___aeabi_memcpy
                0x000000001000563c                __wrap_memcpy
 .text._ZdlPvj  0x0000000010005648        0x8 CMakeFiles/neopixel.dir/home/rbp28668/pico/pico-sdk/src/rp2_common/pico_standard_link/new_delete.cpp.obj
                0x0000000010005648                operator delete(void*, unsigned int)
 .text.stdio_out_chars_no_crlf
                0x0000000010005650        0xe CMakeFiles/neopixel.dir/home/rbp28668/pico/pico-sdk/src/rp2_common/pico_stdio/stdio.c.obj
 *fill*         0x000000001000565e        0x2 
 .text.stdio_out_chars_crlf
                0x0000000010005660       0x80 CMakeFiles/neopixel.dir/home/rbp28668/pico/pico-sdk/src/rp2_common/pico_stdio/stdio.c.obj
 .text.stdio_stack_buffer_flush
                0x00000000100056e0       0x44 CMakeFiles/neopixel.dir/home/rbp28668/pico/pico-sdk/src/rp2_common/pico_stdio/stdio.c.obj
 .text.stdio_buffered_printer
                0x0000000010005724       0x20 CMakeFiles/neopixel.dir/home/rbp28668/pico/pico-sdk/src/rp2_common/pico_stdio/stdio.c.obj
 .text.stdout_serialize_begin
                0x0000000010005744       0x30 CMakeFiles/neopixel.dir/home/rbp28668/pico/pico-sdk/src/rp2_common/pico_stdio/stdio.c.obj
                0x0000000010005744                stdout_serialize_begin
 .text.stdout_serialize_end
                0x0000000010005774       0x10 CMakeFiles/neopixel.dir/home/rbp28668/pico/pico-sdk/src/rp2_common/pico_stdio/stdio.c.obj
                0x0000000010005774                stdout_serialize_end
 .text.stdio_put_string
                0x0000000010005784       0x98 CMakeFiles/neopixel.dir/home/rbp28668/pico/pico-sdk/src/rp2_common/pico_stdio/stdio.c.obj
 .text.__wrap_putchar
                0x000000001000581c       0x1c CMakeFiles/neopixel.dir/home/rbp28668/pico/pico-sdk/src/rp2_common/pico_stdio/stdio.c.obj
                0x000000001000581c                __wrap_putchar
 .text.stdio_set_driver_enabled
                0x0000000010005838       0x2c CMakeFiles/neopixel.dir/home/rbp28668/pico/pico-sdk/src/rp2_common/pico_stdio/stdio.c.obj
                0x0000000010005838                stdio_set_driver_enabled
 .text.stdio_flush
                0x0000000010005864       0x20 CMakeFiles/neopixel.dir/home/rbp28668/pico/pico-sdk/src/rp2_common/pico_stdio/stdio.c.obj
                0x0000000010005864                stdio_flush
 .text.__wrap_puts
                0x0000000010005884       0x1e CMakeFiles/neopixel.dir/home/rbp28668/pico/pico-sdk/src/rp2_common/pico_stdio/stdio.c.obj
                0x0000000010005884                __wrap_puts
 *fill*         0x00000000100058a2        0x2 
 .text.__wrap_vprintf
                0x00000000100058a4       0x44 CMakeFiles/neopixel.dir/home/rbp28668/pico/pico-sdk/src/rp2_common/pico_stdio/stdio.c.obj
                0x00000000100058a4                __wrap_vprintf
 .text.__wrap_printf
                0x00000000100058e8       0x18 CMakeFiles/neopixel.dir/home/rbp28668/pico/pico-sdk/src/rp2_common/pico_stdio/stdio.c.obj
                0x00000000100058e8                __wrap_printf
 .text.stdio_init_all
                0x0000000010005900        0x8 CMakeFiles/neopixel.dir/home/rbp28668/pico/pico-sdk/src/rp2_common/pico_stdio/stdio.c.obj
                0x0000000010005900                stdio_init_all
 .text.stdio_uart_out_chars
                0x0000000010005908       0x74 CMakeFiles/neopixel.dir/home/rbp28668/pico/pico-sdk/src/rp2_common/pico_stdio_uart/stdio_uart.c.obj
 .text.stdio_uart_in_chars
                0x000000001000597c       0x58 CMakeFiles/neopixel.dir/home/rbp28668/pico/pico-sdk/src/rp2_common/pico_stdio_uart/stdio_uart.c.obj
                0x000000001000597c                stdio_uart_in_chars
 .text.stdio_uart_init_full
                0x00000000100059d4       0x3c CMakeFiles/neopixel.dir/home/rbp28668/pico/pico-sdk/src/rp2_common/pico_stdio_uart/stdio_uart.c.obj
                0x00000000100059d4                stdio_uart_init_full
 .text.stdio_uart_init
                0x0000000010005a10       0x28 CMakeFiles/neopixel.dir/home/rbp28668/pico/pico-sdk/src/rp2_common/pico_stdio_uart/stdio_uart.c.obj
                0x0000000010005a10                stdio_uart_init
 .text._pio_can_add_program_at_offset
                0x0000000010005a38       0x3c CMakeFiles/neopixel.dir/home/rbp28668/pico/pico-sdk/src/rp2_common/hardware_pio/pio.c.obj
 .text._pio_find_offset_for_program
                0x0000000010005a74       0x7c CMakeFiles/neopixel.dir/home/rbp28668/pico/pico-sdk/src/rp2_common/hardware_pio/pio.c.obj
 .text._pio_add_program_at_offset
                0x0000000010005af0       0x78 CMakeFiles/neopixel.dir/home/rbp28668/pico/pico-sdk/src/rp2_common/hardware_pio/pio.c.obj
 .text.pio_sm_unclaim
                0x0000000010005b68       0x20 CMakeFiles/neopixel.dir/home/rbp28668/pico/pico-sdk/src/rp2_common/hardware_pio/pio.c.obj
                0x0000000010005b68                pio_sm_unclaim
 .text.pio_claim_unused_sm
                0x0000000010005b88       0x3c CMakeFiles/neopixel.dir/home/rbp28668/pico/pico-sdk/src/rp2_common/hardware_pio/pio.c.obj
                0x0000000010005b88                pio_claim_unused_sm
 .text.pio_can_add_program
                0x0000000010005bc4       0x26 CMakeFiles/neopixel.dir/home/rbp28668/pico/pico-sdk/src/rp2_common/hardware_pio/pio.c.obj
                0x0000000010005bc4                pio_can_add_program
 *fill*         0x0000000010005bea        0x2 
 .text.pio_add_program
                0x0000000010005bec       0x38 CMakeFiles/neopixel.dir/home/rbp28668/pico/pico-sdk/src/rp2_common/hardware_pio/pio.c.obj
                0x0000000010005bec                pio_add_program
 .text.pio_remove_program
                0x0000000010005c24       0x58 CMakeFiles/neopixel.dir/home/rbp28668/pico/pico-sdk/src/rp2_common/hardware_pio/pio.c.obj
                0x0000000010005c24                pio_remove_program
 .text.pio_sm_set_pindirs_with_mask
                0x0000000010005c7c       0x70 CMakeFiles/neopixel.dir/home/rbp28668/pico/pico-sdk/src/rp2_common/hardware_pio/pio.c.obj
                0x0000000010005c7c                pio_sm_set_pindirs_with_mask
 .text.pio_sm_set_consecutive_pindirs
                0x0000000010005cec       0x70 CMakeFiles/neopixel.dir/home/rbp28668/pico/pico-sdk/src/rp2_common/hardware_pio/pio.c.obj
                0x0000000010005cec                pio_sm_set_consecutive_pindirs
 .text.pio_sm_init
                0x0000000010005d5c       0xe4 CMakeFiles/neopixel.dir/home/rbp28668/pico/pico-sdk/src/rp2_common/hardware_pio/pio.c.obj
                0x0000000010005d5c                pio_sm_init
 .text.dma_channel_unclaim
                0x0000000010005e40       0x10 CMakeFiles/neopixel.dir/home/rbp28668/pico/pico-sdk/src/rp2_common/hardware_dma/dma.c.obj
                0x0000000010005e40                dma_channel_unclaim
 .text.dma_claim_unused_channel
                0x0000000010005e50       0x20 CMakeFiles/neopixel.dir/home/rbp28668/pico/pico-sdk/src/rp2_common/hardware_dma/dma.c.obj
                0x0000000010005e50                dma_claim_unused_channel
 .text.status_name
                0x0000000010005e70       0x54 CMakeFiles/neopixel.dir/home/rbp28668/pico/pico-sdk/src/rp2_common/pico_cyw43_arch/cyw43_arch.c.obj
 .text.cyw43_arch_wifi_connect_async
                0x0000000010005ec4       0x48 CMakeFiles/neopixel.dir/home/rbp28668/pico/pico-sdk/src/rp2_common/pico_cyw43_arch/cyw43_arch.c.obj
                0x0000000010005ec4                cyw43_arch_wifi_connect_async
 .text.cyw43_arch_wifi_connect_until
                0x0000000010005f0c       0x90 CMakeFiles/neopixel.dir/home/rbp28668/pico/pico-sdk/src/rp2_common/pico_cyw43_arch/cyw43_arch.c.obj
                0x0000000010005f0c                cyw43_arch_wifi_connect_until
 .text.cyw43_arch_wifi_connect_timeout_ms
                0x0000000010005f9c       0x88 CMakeFiles/neopixel.dir/home/rbp28668/pico/pico-sdk/src/rp2_common/pico_cyw43_arch/cyw43_arch.c.obj
                0x0000000010005f9c                cyw43_arch_wifi_connect_timeout_ms
 .text.storage_read_blocks
                0x0000000010006024        0x6 CMakeFiles/neopixel.dir/home/rbp28668/pico/pico-sdk/src/rp2_common/pico_cyw43_arch/cyw43_arch.c.obj
                0x0000000010006024                storage_read_blocks
 *fill*         0x000000001000602a        0x2 
 .text.cyw43_hal_generate_laa_mac
                0x000000001000602c       0x34 CMakeFiles/neopixel.dir/home/rbp28668/pico/pico-sdk/src/rp2_common/pico_cyw43_arch/cyw43_arch.c.obj
                0x000000001000602c                cyw43_hal_generate_laa_mac
 .text.cyw43_hal_get_mac
                0x0000000010006060       0x1c CMakeFiles/neopixel.dir/home/rbp28668/pico/pico-sdk/src/rp2_common/pico_cyw43_arch/cyw43_arch.c.obj
                0x0000000010006060                cyw43_hal_get_mac
 .text.cyw43_arch_get_country_code
                0x000000001000607c        0xc CMakeFiles/neopixel.dir/home/rbp28668/pico/pico-sdk/src/rp2_common/pico_cyw43_arch/cyw43_arch.c.obj
                0x000000001000607c                cyw43_arch_get_country_code
 .text.cyw43_arch_enable_sta_mode
                0x0000000010006088       0x40 CMakeFiles/neopixel.dir/home/rbp28668/pico/pico-sdk/src/rp2_common/pico_cyw43_arch/cyw43_arch.c.obj
                0x0000000010006088                cyw43_arch_enable_sta_mode
 .text.cyw43_arch_init_with_country
                0x00000000100060c8       0x10 CMakeFiles/neopixel.dir/home/rbp28668/pico/pico-sdk/src/rp2_common/pico_cyw43_arch/cyw43_arch.c.obj
                0x00000000100060c8                cyw43_arch_init_with_country
 .text.cyw43_arch_gpio_put
                0x00000000100060d8       0x14 CMakeFiles/neopixel.dir/home/rbp28668/pico/pico-sdk/src/rp2_common/pico_cyw43_arch/cyw43_arch.c.obj
                0x00000000100060d8                cyw43_arch_gpio_put
 .text.cyw43_post_poll_hook
                0x00000000100060ec        0xe CMakeFiles/neopixel.dir/home/rbp28668/pico/pico-sdk/src/rp2_common/pico_cyw43_arch/cyw43_arch_poll.c.obj
                0x00000000100060ec                cyw43_post_poll_hook
 *fill*         0x00000000100060fa        0x2 
 .text.cyw43_arch_init
                0x00000000100060fc       0x58 CMakeFiles/neopixel.dir/home/rbp28668/pico/pico-sdk/src/rp2_common/pico_cyw43_arch/cyw43_arch_poll.c.obj
                0x00000000100060fc                cyw43_arch_init
 .text.cyw43_arch_deinit
                0x0000000010006154       0x28 CMakeFiles/neopixel.dir/home/rbp28668/pico/pico-sdk/src/rp2_common/pico_cyw43_arch/cyw43_arch_poll.c.obj
                0x0000000010006154                cyw43_arch_deinit
 .text.cyw43_schedule_internal_poll_dispatch
                0x000000001000617c        0xc CMakeFiles/neopixel.dir/home/rbp28668/pico/pico-sdk/src/rp2_common/pico_cyw43_arch/cyw43_arch_poll.c.obj
                0x000000001000617c                cyw43_schedule_internal_poll_dispatch
 .text.gpio_irq_handler
                0x0000000010006188       0x58 CMakeFiles/neopixel.dir/home/rbp28668/pico/pico-sdk/src/rp2_common/pico_cyw43_arch/cyw43_arch_poll.c.obj
 .text.cyw43_arch_poll
                0x00000000100061e0       0x88 CMakeFiles/neopixel.dir/home/rbp28668/pico/pico-sdk/src/rp2_common/pico_cyw43_arch/cyw43_arch_poll.c.obj
                0x00000000100061e0                cyw43_arch_poll
 .text.cyw43_thread_check
                0x0000000010006268       0x28 CMakeFiles/neopixel.dir/home/rbp28668/pico/pico-sdk/src/rp2_common/pico_cyw43_arch/cyw43_arch_poll.c.obj
                0x0000000010006268                cyw43_thread_check
 .text._retrieve_unique_id_on_boot
                0x0000000010006290       0x10 CMakeFiles/neopixel.dir/home/rbp28668/pico/pico-sdk/src/rp2_common/pico_unique_id/unique_id.c.obj
 .text.pico_get_unique_board_id
                0x00000000100062a0       0x10 CMakeFiles/neopixel.dir/home/rbp28668/pico/pico-sdk/src/rp2_common/pico_unique_id/unique_id.c.obj
                0x00000000100062a0                pico_get_unique_board_id
 .text.flash_get_unique_id
                0x00000000100062b0       0x46 CMakeFiles/neopixel.dir/home/rbp28668/pico/pico-sdk/src/rp2_common/hardware_flash/flash.c.obj
                0x00000000100062b0                flash_get_unique_id
 .text.cs_set   0x00000000100062f6       0x1c CMakeFiles/neopixel.dir/home/rbp28668/pico/pico-sdk/src/rp2_common/cyw43_driver/cyw43_bus_pio_spi.c.obj
 .text.start_spi_comms
                0x0000000010006312       0x18 CMakeFiles/neopixel.dir/home/rbp28668/pico/pico-sdk/src/rp2_common/cyw43_driver/cyw43_bus_pio_spi.c.obj
 *fill*         0x000000001000632a        0x2 
 .text.ns_delay
                0x000000001000632c       0x20 CMakeFiles/neopixel.dir/home/rbp28668/pico/pico-sdk/src/rp2_common/cyw43_driver/cyw43_bus_pio_spi.c.obj
 .text.stop_spi_comms
                0x000000001000634c       0x10 CMakeFiles/neopixel.dir/home/rbp28668/pico/pico-sdk/src/rp2_common/cyw43_driver/cyw43_bus_pio_spi.c.obj
 .text.cyw43_spi_deinit
                0x000000001000635c       0x64 CMakeFiles/neopixel.dir/home/rbp28668/pico/pico-sdk/src/rp2_common/cyw43_driver/cyw43_bus_pio_spi.c.obj
                0x000000001000635c                cyw43_spi_deinit
 .text.cyw43_spi_init
                0x00000000100063c0      0x28c CMakeFiles/neopixel.dir/home/rbp28668/pico/pico-sdk/src/rp2_common/cyw43_driver/cyw43_bus_pio_spi.c.obj
                0x00000000100063c0                cyw43_spi_init
 .text.cyw43_spi_transfer
                0x000000001000664c      0x660 CMakeFiles/neopixel.dir/home/rbp28668/pico/pico-sdk/src/rp2_common/cyw43_driver/cyw43_bus_pio_spi.c.obj
                0x000000001000664c                cyw43_spi_transfer
 .text.cyw43_spi_gpio_setup
                0x0000000010006cac       0x3a CMakeFiles/neopixel.dir/home/rbp28668/pico/pico-sdk/src/rp2_common/cyw43_driver/cyw43_bus_pio_spi.c.obj
                0x0000000010006cac                cyw43_spi_gpio_setup
 .text.cyw43_spi_reset
                0x0000000010006ce6       0x28 CMakeFiles/neopixel.dir/home/rbp28668/pico/pico-sdk/src/rp2_common/cyw43_driver/cyw43_bus_pio_spi.c.obj
                0x0000000010006ce6                cyw43_spi_reset
 *fill*         0x0000000010006d0e        0x2 
 .text.read_reg_u32_swap
                0x0000000010006d10       0x68 CMakeFiles/neopixel.dir/home/rbp28668/pico/pico-sdk/src/rp2_common/cyw43_driver/cyw43_bus_pio_spi.c.obj
                0x0000000010006d10                read_reg_u32_swap
 .text.cyw43_read_reg_u32
                0x0000000010006d78       0x50 CMakeFiles/neopixel.dir/home/rbp28668/pico/pico-sdk/src/rp2_common/cyw43_driver/cyw43_bus_pio_spi.c.obj
                0x0000000010006d78                cyw43_read_reg_u32
 .text.cyw43_read_reg_u16
                0x0000000010006dc8       0x50 CMakeFiles/neopixel.dir/home/rbp28668/pico/pico-sdk/src/rp2_common/cyw43_driver/cyw43_bus_pio_spi.c.obj
                0x0000000010006dc8                cyw43_read_reg_u16
 .text.cyw43_read_reg_u8
                0x0000000010006e18       0x50 CMakeFiles/neopixel.dir/home/rbp28668/pico/pico-sdk/src/rp2_common/cyw43_driver/cyw43_bus_pio_spi.c.obj
                0x0000000010006e18                cyw43_read_reg_u8
 .text.write_reg_u32_swap
                0x0000000010006e68       0x34 CMakeFiles/neopixel.dir/home/rbp28668/pico/pico-sdk/src/rp2_common/cyw43_driver/cyw43_bus_pio_spi.c.obj
                0x0000000010006e68                write_reg_u32_swap
 .text.cyw43_write_reg_u32
                0x0000000010006e9c       0x58 CMakeFiles/neopixel.dir/home/rbp28668/pico/pico-sdk/src/rp2_common/cyw43_driver/cyw43_bus_pio_spi.c.obj
                0x0000000010006e9c                cyw43_write_reg_u32
 .text.cyw43_write_reg_u16
                0x0000000010006ef4       0x58 CMakeFiles/neopixel.dir/home/rbp28668/pico/pico-sdk/src/rp2_common/cyw43_driver/cyw43_bus_pio_spi.c.obj
                0x0000000010006ef4                cyw43_write_reg_u16
 .text.cyw43_write_reg_u8
                0x0000000010006f4c       0x58 CMakeFiles/neopixel.dir/home/rbp28668/pico/pico-sdk/src/rp2_common/cyw43_driver/cyw43_bus_pio_spi.c.obj
                0x0000000010006f4c                cyw43_write_reg_u8
 .text.cyw43_read_bytes
                0x0000000010006fa4       0xc4 CMakeFiles/neopixel.dir/home/rbp28668/pico/pico-sdk/src/rp2_common/cyw43_driver/cyw43_bus_pio_spi.c.obj
                0x0000000010006fa4                cyw43_read_bytes
 .text.cyw43_write_bytes
                0x0000000010007068      0x134 CMakeFiles/neopixel.dir/home/rbp28668/pico/pico-sdk/src/rp2_common/cyw43_driver/cyw43_bus_pio_spi.c.obj
                0x0000000010007068                cyw43_write_bytes
 .text.get_core_address
                0x000000001000719c       0x1c CMakeFiles/neopixel.dir/home/rbp28668/pico/pico-sdk/lib/cyw43-driver/src/cyw43_ll.c.obj
 .text.sdpcm_process_rx_packet
                0x00000000100071b8      0x180 CMakeFiles/neopixel.dir/home/rbp28668/pico/pico-sdk/lib/cyw43-driver/src/cyw43_ll.c.obj
 .text.cyw43_ll_wifi_parse_scan_result
                0x0000000010007338       0x9c CMakeFiles/neopixel.dir/home/rbp28668/pico/pico-sdk/lib/cyw43-driver/src/cyw43_ll.c.obj
 .text.cyw43_ll_parse_async_event
                0x00000000100073d4       0x8e CMakeFiles/neopixel.dir/home/rbp28668/pico/pico-sdk/lib/cyw43-driver/src/cyw43_ll.c.obj
 *fill*         0x0000000010007462        0x2 
 .text.cyw43_read_reg
                0x0000000010007464       0x48 CMakeFiles/neopixel.dir/home/rbp28668/pico/pico-sdk/lib/cyw43-driver/src/cyw43_ll.c.obj
 .text.cyw43_kso_set
                0x00000000100074ac       0x98 CMakeFiles/neopixel.dir/home/rbp28668/pico/pico-sdk/lib/cyw43-driver/src/cyw43_ll.c.obj
 .text.cyw43_ll_bus_sleep_helper
                0x0000000010007544        0xe CMakeFiles/neopixel.dir/home/rbp28668/pico/pico-sdk/lib/cyw43-driver/src/cyw43_ll.c.obj
 *fill*         0x0000000010007552        0x2 
 .text.cyw43_write_reg
                0x0000000010007554       0x4c CMakeFiles/neopixel.dir/home/rbp28668/pico/pico-sdk/lib/cyw43-driver/src/cyw43_ll.c.obj
 .text.cyw43_set_backplane_window
                0x00000000100075a0       0x74 CMakeFiles/neopixel.dir/home/rbp28668/pico/pico-sdk/lib/cyw43-driver/src/cyw43_ll.c.obj
 .text.cyw43_read_backplane
                0x0000000010007614       0x36 CMakeFiles/neopixel.dir/home/rbp28668/pico/pico-sdk/lib/cyw43-driver/src/cyw43_ll.c.obj
 *fill*         0x000000001000764a        0x2 
 .text.disable_device_core
                0x000000001000764c       0x3c CMakeFiles/neopixel.dir/home/rbp28668/pico/pico-sdk/lib/cyw43-driver/src/cyw43_ll.c.obj
 .text.device_core_is_up
                0x0000000010007688       0x4c CMakeFiles/neopixel.dir/home/rbp28668/pico/pico-sdk/lib/cyw43-driver/src/cyw43_ll.c.obj
 .text.cyw43_write_backplane
                0x00000000100076d4       0x3a CMakeFiles/neopixel.dir/home/rbp28668/pico/pico-sdk/lib/cyw43-driver/src/cyw43_ll.c.obj
 .text.reset_device_core
                0x000000001000770e       0x74 CMakeFiles/neopixel.dir/home/rbp28668/pico/pico-sdk/lib/cyw43-driver/src/cyw43_ll.c.obj
 *fill*         0x0000000010007782        0x2 
 .text.cyw43_download_resource
                0x0000000010007784      0x178 CMakeFiles/neopixel.dir/home/rbp28668/pico/pico-sdk/lib/cyw43-driver/src/cyw43_ll.c.obj
 .text.cyw43_ll_init
                0x00000000100078fc       0x1e CMakeFiles/neopixel.dir/home/rbp28668/pico/pico-sdk/lib/cyw43-driver/src/cyw43_ll.c.obj
                0x00000000100078fc                cyw43_ll_init
 .text.cyw43_ll_deinit
                0x000000001000791a        0x8 CMakeFiles/neopixel.dir/home/rbp28668/pico/pico-sdk/lib/cyw43-driver/src/cyw43_ll.c.obj
                0x000000001000791a                cyw43_ll_deinit
 .text.cyw43_ll_bus_sleep
                0x0000000010007922       0x34 CMakeFiles/neopixel.dir/home/rbp28668/pico/pico-sdk/lib/cyw43-driver/src/cyw43_ll.c.obj
                0x0000000010007922                cyw43_ll_bus_sleep
 *fill*         0x0000000010007956        0x2 
 .text.cyw43_ll_sdpcm_poll_device
                0x0000000010007958      0x158 CMakeFiles/neopixel.dir/home/rbp28668/pico/pico-sdk/lib/cyw43-driver/src/cyw43_ll.c.obj
 .text.cyw43_ll_process_packets
                0x0000000010007ab0       0x58 CMakeFiles/neopixel.dir/home/rbp28668/pico/pico-sdk/lib/cyw43-driver/src/cyw43_ll.c.obj
                0x0000000010007ab0                cyw43_ll_process_packets
 .text.cyw43_sdpcm_send_common
                0x0000000010007b08      0x16c CMakeFiles/neopixel.dir/home/rbp28668/pico/pico-sdk/lib/cyw43-driver/src/cyw43_ll.c.obj
 .text.cyw43_ll_send_ethernet
                0x0000000010007c74       0x5e CMakeFiles/neopixel.dir/home/rbp28668/pico/pico-sdk/lib/cyw43-driver/src/cyw43_ll.c.obj
                0x0000000010007c74                cyw43_ll_send_ethernet
 .text.cyw43_send_ioctl
                0x0000000010007cd2       0x56 CMakeFiles/neopixel.dir/home/rbp28668/pico/pico-sdk/lib/cyw43-driver/src/cyw43_ll.c.obj
 .text.cyw43_do_ioctl
                0x0000000010007d28       0xc0 CMakeFiles/neopixel.dir/home/rbp28668/pico/pico-sdk/lib/cyw43-driver/src/cyw43_ll.c.obj
 .text.cyw43_ll_ioctl
                0x0000000010007de8       0x1e CMakeFiles/neopixel.dir/home/rbp28668/pico/pico-sdk/lib/cyw43-driver/src/cyw43_ll.c.obj
                0x0000000010007de8                cyw43_ll_ioctl
 *fill*         0x0000000010007e06        0x2 
 .text.cyw43_clm_load
                0x0000000010007e08       0xdc CMakeFiles/neopixel.dir/home/rbp28668/pico/pico-sdk/lib/cyw43-driver/src/cyw43_ll.c.obj
 .text.cyw43_write_iovar_u32
                0x0000000010007ee4       0x60 CMakeFiles/neopixel.dir/home/rbp28668/pico/pico-sdk/lib/cyw43-driver/src/cyw43_ll.c.obj
 .text.cyw43_write_iovar_n
                0x0000000010007f44       0x50 CMakeFiles/neopixel.dir/home/rbp28668/pico/pico-sdk/lib/cyw43-driver/src/cyw43_ll.c.obj
 .text.cyw43_do_ioctl_u32
                0x0000000010007f94       0x2e CMakeFiles/neopixel.dir/home/rbp28668/pico/pico-sdk/lib/cyw43-driver/src/cyw43_ll.c.obj
 .text.cyw43_write_iovar_u32_u32
                0x0000000010007fc2       0x74 CMakeFiles/neopixel.dir/home/rbp28668/pico/pico-sdk/lib/cyw43-driver/src/cyw43_ll.c.obj
 *fill*         0x0000000010008036        0x2 
 .text.cyw43_ll_wifi_on
                0x0000000010008038      0x220 CMakeFiles/neopixel.dir/home/rbp28668/pico/pico-sdk/lib/cyw43-driver/src/cyw43_ll.c.obj
                0x0000000010008038                cyw43_ll_wifi_on
 .text.cyw43_ll_wifi_get_mac
                0x0000000010008258       0x48 CMakeFiles/neopixel.dir/home/rbp28668/pico/pico-sdk/lib/cyw43-driver/src/cyw43_ll.c.obj
                0x0000000010008258                cyw43_ll_wifi_get_mac
 .text.cyw43_ll_bus_init
                0x00000000100082a0      0x360 CMakeFiles/neopixel.dir/home/rbp28668/pico/pico-sdk/lib/cyw43-driver/src/cyw43_ll.c.obj
                0x00000000100082a0                cyw43_ll_bus_init
 .text.cyw43_ll_wifi_pm
                0x0000000010008600       0xd0 CMakeFiles/neopixel.dir/home/rbp28668/pico/pico-sdk/lib/cyw43-driver/src/cyw43_ll.c.obj
                0x0000000010008600                cyw43_ll_wifi_pm
 .text.cyw43_ll_wifi_join
                0x00000000100086d0      0x25c CMakeFiles/neopixel.dir/home/rbp28668/pico/pico-sdk/lib/cyw43-driver/src/cyw43_ll.c.obj
                0x00000000100086d0                cyw43_ll_wifi_join
 .text.cyw43_ll_wifi_set_wpa_auth
                0x000000001000892c       0x16 CMakeFiles/neopixel.dir/home/rbp28668/pico/pico-sdk/lib/cyw43-driver/src/cyw43_ll.c.obj
                0x000000001000892c                cyw43_ll_wifi_set_wpa_auth
 *fill*         0x0000000010008942        0x2 
 .text.cyw43_ll_wifi_rejoin
                0x0000000010008944       0x20 CMakeFiles/neopixel.dir/home/rbp28668/pico/pico-sdk/lib/cyw43-driver/src/cyw43_ll.c.obj
                0x0000000010008944                cyw43_ll_wifi_rejoin
 .text.cyw43_ll_wifi_ap_init
                0x0000000010008964      0x1a0 CMakeFiles/neopixel.dir/home/rbp28668/pico/pico-sdk/lib/cyw43-driver/src/cyw43_ll.c.obj
                0x0000000010008964                cyw43_ll_wifi_ap_init
 .text.cyw43_ll_wifi_ap_set_up
                0x0000000010008b04       0x1c CMakeFiles/neopixel.dir/home/rbp28668/pico/pico-sdk/lib/cyw43-driver/src/cyw43_ll.c.obj
                0x0000000010008b04                cyw43_ll_wifi_ap_set_up
 .text.cyw43_ll_gpio_set
                0x0000000010008b20       0x30 CMakeFiles/neopixel.dir/home/rbp28668/pico/pico-sdk/lib/cyw43-driver/src/cyw43_ll.c.obj
                0x0000000010008b20                cyw43_ll_gpio_set
 .text.cyw43_ll_has_work
                0x0000000010008b50       0x12 CMakeFiles/neopixel.dir/home/rbp28668/pico/pico-sdk/lib/cyw43-driver/src/cyw43_ll.c.obj
                0x0000000010008b50                cyw43_ll_has_work
 *fill*         0x0000000010008b62        0x2 
 .text.cyw43_netif_init
                0x0000000010008b64       0x3c CMakeFiles/neopixel.dir/home/rbp28668/pico/pico-sdk/lib/cyw43-driver/src/cyw43_lwip.c.obj
 .text.cyw43_netif_output
                0x0000000010008ba0       0x38 CMakeFiles/neopixel.dir/home/rbp28668/pico/pico-sdk/lib/cyw43-driver/src/cyw43_lwip.c.obj
 .text.cyw43_cb_tcpip_init
                0x0000000010008bd8       0xc4 CMakeFiles/neopixel.dir/home/rbp28668/pico/pico-sdk/lib/cyw43-driver/src/cyw43_lwip.c.obj
                0x0000000010008bd8                cyw43_cb_tcpip_init
 .text.cyw43_cb_tcpip_deinit
                0x0000000010008c9c       0x44 CMakeFiles/neopixel.dir/home/rbp28668/pico/pico-sdk/lib/cyw43-driver/src/cyw43_lwip.c.obj
                0x0000000010008c9c                cyw43_cb_tcpip_deinit
 .text.cyw43_cb_process_ethernet
                0x0000000010008ce0       0x74 CMakeFiles/neopixel.dir/home/rbp28668/pico/pico-sdk/lib/cyw43-driver/src/cyw43_lwip.c.obj
                0x0000000010008ce0                cyw43_cb_process_ethernet
 .text.cyw43_cb_tcpip_set_link_up
                0x0000000010008d54       0x16 CMakeFiles/neopixel.dir/home/rbp28668/pico/pico-sdk/lib/cyw43-driver/src/cyw43_lwip.c.obj
                0x0000000010008d54                cyw43_cb_tcpip_set_link_up
 .text.cyw43_cb_tcpip_set_link_down
                0x0000000010008d6a       0x16 CMakeFiles/neopixel.dir/home/rbp28668/pico/pico-sdk/lib/cyw43-driver/src/cyw43_lwip.c.obj
                0x0000000010008d6a                cyw43_cb_tcpip_set_link_down
 .text.cyw43_tcpip_link_status
                0x0000000010008d80       0x3c CMakeFiles/neopixel.dir/home/rbp28668/pico/pico-sdk/lib/cyw43-driver/src/cyw43_lwip.c.obj
                0x0000000010008d80                cyw43_tcpip_link_status
 .text.cyw43_poll_func
                0x0000000010008dbc       0xac CMakeFiles/neopixel.dir/home/rbp28668/pico/pico-sdk/lib/cyw43-driver/src/cyw43_ctrl.c.obj
 .text.cyw43_dump_async_event
                0x0000000010008e68       0x8c CMakeFiles/neopixel.dir/home/rbp28668/pico/pico-sdk/lib/cyw43-driver/src/cyw43_ctrl.c.obj
 .text.cyw43_ensure_up
                0x0000000010008ef4       0xec CMakeFiles/neopixel.dir/home/rbp28668/pico/pico-sdk/lib/cyw43-driver/src/cyw43_ctrl.c.obj
 .text.cyw43_wifi_on
                0x0000000010008fe0       0x1a CMakeFiles/neopixel.dir/home/rbp28668/pico/pico-sdk/lib/cyw43-driver/src/cyw43_ctrl.c.obj
 *fill*         0x0000000010008ffa        0x2 
 .text.cyw43_wifi_ap_init
                0x0000000010008ffc       0x50 CMakeFiles/neopixel.dir/home/rbp28668/pico/pico-sdk/lib/cyw43-driver/src/cyw43_ctrl.c.obj
 .text.cyw43_wifi_ap_set_up
                0x000000001000904c       0x1a CMakeFiles/neopixel.dir/home/rbp28668/pico/pico-sdk/lib/cyw43-driver/src/cyw43_ctrl.c.obj
 *fill*         0x0000000010009066        0x2 
 .text.cyw43_init
                0x0000000010009068       0x8c CMakeFiles/neopixel.dir/home/rbp28668/pico/pico-sdk/lib/cyw43-driver/src/cyw43_ctrl.c.obj
                0x0000000010009068                cyw43_init
 .text.cyw43_deinit
                0x00000000100090f4       0x2c CMakeFiles/neopixel.dir/home/rbp28668/pico/pico-sdk/lib/cyw43-driver/src/cyw43_ctrl.c.obj
                0x00000000100090f4                cyw43_deinit
 .text.cyw43_cb_read_host_interrupt_pin
                0x0000000010009120        0xe CMakeFiles/neopixel.dir/home/rbp28668/pico/pico-sdk/lib/cyw43-driver/src/cyw43_ctrl.c.obj
                0x0000000010009120                cyw43_cb_read_host_interrupt_pin
 *fill*         0x000000001000912e        0x2 
 .text.cyw43_cb_ensure_awake
                0x0000000010009130        0xc CMakeFiles/neopixel.dir/home/rbp28668/pico/pico-sdk/lib/cyw43-driver/src/cyw43_ctrl.c.obj
                0x0000000010009130                cyw43_cb_ensure_awake
 .text.cyw43_cb_process_async_event
                0x000000001000913c      0x1d0 CMakeFiles/neopixel.dir/home/rbp28668/pico/pico-sdk/lib/cyw43-driver/src/cyw43_ctrl.c.obj
                0x000000001000913c                cyw43_cb_process_async_event
 .text.cyw43_send_ethernet
                0x000000001000930c       0x2c CMakeFiles/neopixel.dir/home/rbp28668/pico/pico-sdk/lib/cyw43-driver/src/cyw43_ctrl.c.obj
                0x000000001000930c                cyw43_send_ethernet
 .text.cyw43_wifi_pm
                0x0000000010009338       0x38 CMakeFiles/neopixel.dir/home/rbp28668/pico/pico-sdk/lib/cyw43-driver/src/cyw43_ctrl.c.obj
                0x0000000010009338                cyw43_wifi_pm
 .text.cyw43_wifi_get_mac
                0x0000000010009370        0xe CMakeFiles/neopixel.dir/home/rbp28668/pico/pico-sdk/lib/cyw43-driver/src/cyw43_ctrl.c.obj
                0x0000000010009370                cyw43_wifi_get_mac
 *fill*         0x000000001000937e        0x2 
 .text.cyw43_wifi_set_up
                0x0000000010009380       0x78 CMakeFiles/neopixel.dir/home/rbp28668/pico/pico-sdk/lib/cyw43-driver/src/cyw43_ctrl.c.obj
                0x0000000010009380                cyw43_wifi_set_up
 .text.cyw43_wifi_link_status
                0x00000000100093f8       0x3a CMakeFiles/neopixel.dir/home/rbp28668/pico/pico-sdk/lib/cyw43-driver/src/cyw43_ctrl.c.obj
                0x00000000100093f8                cyw43_wifi_link_status
 *fill*         0x0000000010009432        0x2 
 .text.cyw43_wifi_join
                0x0000000010009434       0x68 CMakeFiles/neopixel.dir/home/rbp28668/pico/pico-sdk/lib/cyw43-driver/src/cyw43_ctrl.c.obj
                0x0000000010009434                cyw43_wifi_join
 .text.cyw43_gpio_set
                0x000000001000949c       0x1e CMakeFiles/neopixel.dir/home/rbp28668/pico/pico-sdk/lib/cyw43-driver/src/cyw43_ctrl.c.obj
                0x000000001000949c                cyw43_gpio_set
 .text.lwip_init
                0x00000000100094ba       0x24 CMakeFiles/neopixel.dir/home/rbp28668/pico/pico-sdk/lib/lwip/src/core/init.c.obj
                0x00000000100094ba                lwip_init
 .text.lwip_htons
                0x00000000100094de        0xa CMakeFiles/neopixel.dir/home/rbp28668/pico/pico-sdk/lib/lwip/src/core/def.c.obj
                0x00000000100094de                lwip_htons
 .text.lwip_htonl
                0x00000000100094e8       0x1c CMakeFiles/neopixel.dir/home/rbp28668/pico/pico-sdk/lib/lwip/src/core/def.c.obj
                0x00000000100094e8                lwip_htonl
 .text.dns_backupserver_available
                0x0000000010009504       0x28 CMakeFiles/neopixel.dir/home/rbp28668/pico/pico-sdk/lib/lwip/src/core/dns.c.obj
 .text.dns_create_txid
                0x000000001000952c       0x3c CMakeFiles/neopixel.dir/home/rbp28668/pico/pico-sdk/lib/lwip/src/core/dns.c.obj
 .text.dns_call_found
                0x0000000010009568       0xf4 CMakeFiles/neopixel.dir/home/rbp28668/pico/pico-sdk/lib/lwip/src/core/dns.c.obj
 .text.dns_send
                0x000000001000965c      0x168 CMakeFiles/neopixel.dir/home/rbp28668/pico/pico-sdk/lib/lwip/src/core/dns.c.obj
 .text.dns_check_entry
                0x00000000100097c4       0xf4 CMakeFiles/neopixel.dir/home/rbp28668/pico/pico-sdk/lib/lwip/src/core/dns.c.obj
 .text.dns_check_entries
                0x00000000100098b8       0x16 CMakeFiles/neopixel.dir/home/rbp28668/pico/pico-sdk/lib/lwip/src/core/dns.c.obj
 .text.dns_init
                0x00000000100098ce        0x2 CMakeFiles/neopixel.dir/home/rbp28668/pico/pico-sdk/lib/lwip/src/core/dns.c.obj
                0x00000000100098ce                dns_init
 .text.dns_setserver
                0x00000000100098d0       0x28 CMakeFiles/neopixel.dir/home/rbp28668/pico/pico-sdk/lib/lwip/src/core/dns.c.obj
                0x00000000100098d0                dns_setserver
 .text.dns_tmr  0x00000000100098f8        0x8 CMakeFiles/neopixel.dir/home/rbp28668/pico/pico-sdk/lib/lwip/src/core/dns.c.obj
                0x00000000100098f8                dns_tmr
 .text.lwip_standard_chksum
                0x0000000010009900       0xac CMakeFiles/neopixel.dir/home/rbp28668/pico/pico-sdk/lib/lwip/src/core/inet_chksum.c.obj
                0x0000000010009900                lwip_standard_chksum
 .text.inet_cksum_pseudo_base
                0x00000000100099ac       0x7c CMakeFiles/neopixel.dir/home/rbp28668/pico/pico-sdk/lib/lwip/src/core/inet_chksum.c.obj
 .text.inet_chksum_pseudo
                0x0000000010009a28       0x30 CMakeFiles/neopixel.dir/home/rbp28668/pico/pico-sdk/lib/lwip/src/core/inet_chksum.c.obj
                0x0000000010009a28                inet_chksum_pseudo
 .text.ip_chksum_pseudo
                0x0000000010009a58       0x10 CMakeFiles/neopixel.dir/home/rbp28668/pico/pico-sdk/lib/lwip/src/core/inet_chksum.c.obj
                0x0000000010009a58                ip_chksum_pseudo
 .text.inet_chksum
                0x0000000010009a68        0xc CMakeFiles/neopixel.dir/home/rbp28668/pico/pico-sdk/lib/lwip/src/core/inet_chksum.c.obj
                0x0000000010009a68                inet_chksum
 .text.inet_chksum_pbuf
                0x0000000010009a74       0x52 CMakeFiles/neopixel.dir/home/rbp28668/pico/pico-sdk/lib/lwip/src/core/inet_chksum.c.obj
                0x0000000010009a74                inet_chksum_pbuf
 .text.mem_init
                0x0000000010009ac6        0x2 CMakeFiles/neopixel.dir/home/rbp28668/pico/pico-sdk/lib/lwip/src/core/mem.c.obj
                0x0000000010009ac6                mem_init
 .text.mem_trim
                0x0000000010009ac8        0x2 CMakeFiles/neopixel.dir/home/rbp28668/pico/pico-sdk/lib/lwip/src/core/mem.c.obj
                0x0000000010009ac8                mem_trim
 .text.mem_malloc
                0x0000000010009aca       0x18 CMakeFiles/neopixel.dir/home/rbp28668/pico/pico-sdk/lib/lwip/src/core/mem.c.obj
                0x0000000010009aca                mem_malloc
 .text.mem_free
                0x0000000010009ae2        0x8 CMakeFiles/neopixel.dir/home/rbp28668/pico/pico-sdk/lib/lwip/src/core/mem.c.obj
                0x0000000010009ae2                mem_free
 .text.do_memp_malloc_pool
                0x0000000010009aea       0x22 CMakeFiles/neopixel.dir/home/rbp28668/pico/pico-sdk/lib/lwip/src/core/memp.c.obj
 .text.do_memp_free_pool
                0x0000000010009b0c       0x1a CMakeFiles/neopixel.dir/home/rbp28668/pico/pico-sdk/lib/lwip/src/core/memp.c.obj
 .text.memp_init_pool
                0x0000000010009b26       0x2a CMakeFiles/neopixel.dir/home/rbp28668/pico/pico-sdk/lib/lwip/src/core/memp.c.obj
                0x0000000010009b26                memp_init_pool
 .text.memp_init
                0x0000000010009b50       0x20 CMakeFiles/neopixel.dir/home/rbp28668/pico/pico-sdk/lib/lwip/src/core/memp.c.obj
                0x0000000010009b50                memp_init
 .text.memp_malloc
                0x0000000010009b70       0x24 CMakeFiles/neopixel.dir/home/rbp28668/pico/pico-sdk/lib/lwip/src/core/memp.c.obj
                0x0000000010009b70                memp_malloc
 .text.memp_free
                0x0000000010009b94       0x28 CMakeFiles/neopixel.dir/home/rbp28668/pico/pico-sdk/lib/lwip/src/core/memp.c.obj
                0x0000000010009b94                memp_free
 .text.netif_do_set_netmask
                0x0000000010009bbc       0x1a CMakeFiles/neopixel.dir/home/rbp28668/pico/pico-sdk/lib/lwip/src/core/netif.c.obj
 .text.netif_do_set_gw
                0x0000000010009bd6       0x1a CMakeFiles/neopixel.dir/home/rbp28668/pico/pico-sdk/lib/lwip/src/core/netif.c.obj
 .text.netif_null_output_ip4
                0x0000000010009bf0        0x6 CMakeFiles/neopixel.dir/home/rbp28668/pico/pico-sdk/lib/lwip/src/core/netif.c.obj
 .text.netif_do_ip_addr_changed
                0x0000000010009bf6       0x1c CMakeFiles/neopixel.dir/home/rbp28668/pico/pico-sdk/lib/lwip/src/core/netif.c.obj
 .text.netif_issue_reports
                0x0000000010009c12       0x26 CMakeFiles/neopixel.dir/home/rbp28668/pico/pico-sdk/lib/lwip/src/core/netif.c.obj
 .text.netif_do_set_ipaddr
                0x0000000010009c38       0x44 CMakeFiles/neopixel.dir/home/rbp28668/pico/pico-sdk/lib/lwip/src/core/netif.c.obj
 .text.netif_init
                0x0000000010009c7c        0x2 CMakeFiles/neopixel.dir/home/rbp28668/pico/pico-sdk/lib/lwip/src/core/netif.c.obj
                0x0000000010009c7c                netif_init
 *fill*         0x0000000010009c7e        0x2 
 .text.netif_set_addr
                0x0000000010009c80       0x78 CMakeFiles/neopixel.dir/home/rbp28668/pico/pico-sdk/lib/lwip/src/core/netif.c.obj
                0x0000000010009c80                netif_set_addr
 .text.netif_add
                0x0000000010009cf8      0x104 CMakeFiles/neopixel.dir/home/rbp28668/pico/pico-sdk/lib/lwip/src/core/netif.c.obj
                0x0000000010009cf8                netif_add
 .text.netif_set_default
                0x0000000010009dfc        0xc CMakeFiles/neopixel.dir/home/rbp28668/pico/pico-sdk/lib/lwip/src/core/netif.c.obj
                0x0000000010009dfc                netif_set_default
 .text.netif_set_up
                0x0000000010009e08       0x34 CMakeFiles/neopixel.dir/home/rbp28668/pico/pico-sdk/lib/lwip/src/core/netif.c.obj
                0x0000000010009e08                netif_set_up
 .text.netif_set_down
                0x0000000010009e3c       0x38 CMakeFiles/neopixel.dir/home/rbp28668/pico/pico-sdk/lib/lwip/src/core/netif.c.obj
                0x0000000010009e3c                netif_set_down
 .text.netif_remove
                0x0000000010009e74       0x64 CMakeFiles/neopixel.dir/home/rbp28668/pico/pico-sdk/lib/lwip/src/core/netif.c.obj
                0x0000000010009e74                netif_remove
 .text.netif_set_link_up
                0x0000000010009ed8       0x3c CMakeFiles/neopixel.dir/home/rbp28668/pico/pico-sdk/lib/lwip/src/core/netif.c.obj
                0x0000000010009ed8                netif_set_link_up
 .text.netif_set_link_down
                0x0000000010009f14       0x2c CMakeFiles/neopixel.dir/home/rbp28668/pico/pico-sdk/lib/lwip/src/core/netif.c.obj
                0x0000000010009f14                netif_set_link_down
 .text.netif_get_by_index
                0x0000000010009f40       0x24 CMakeFiles/neopixel.dir/home/rbp28668/pico/pico-sdk/lib/lwip/src/core/netif.c.obj
                0x0000000010009f40                netif_get_by_index
 .text.pbuf_init_alloced_pbuf
                0x0000000010009f64       0x20 CMakeFiles/neopixel.dir/home/rbp28668/pico/pico-sdk/lib/lwip/src/core/pbuf.c.obj
 .text.pbuf_add_header_impl
                0x0000000010009f84       0x60 CMakeFiles/neopixel.dir/home/rbp28668/pico/pico-sdk/lib/lwip/src/core/pbuf.c.obj
 .text.pbuf_skip_const
                0x0000000010009fe4       0x1a CMakeFiles/neopixel.dir/home/rbp28668/pico/pico-sdk/lib/lwip/src/core/pbuf.c.obj
 *fill*         0x0000000010009ffe        0x2 
 .text.pbuf_pool_is_empty
                0x000000001000a000       0x18 CMakeFiles/neopixel.dir/home/rbp28668/pico/pico-sdk/lib/lwip/src/core/pbuf.c.obj
 .text.pbuf_free_ooseq
                0x000000001000a018       0x30 CMakeFiles/neopixel.dir/home/rbp28668/pico/pico-sdk/lib/lwip/src/core/pbuf.c.obj
                0x000000001000a018                pbuf_free_ooseq
 .text.pbuf_alloc_reference
                0x000000001000a048       0x2a CMakeFiles/neopixel.dir/home/rbp28668/pico/pico-sdk/lib/lwip/src/core/pbuf.c.obj
                0x000000001000a048                pbuf_alloc_reference
 .text.pbuf_add_header
                0x000000001000a072        0xa CMakeFiles/neopixel.dir/home/rbp28668/pico/pico-sdk/lib/lwip/src/core/pbuf.c.obj
                0x000000001000a072                pbuf_add_header
 .text.pbuf_remove_header
                0x000000001000a07c       0x4c CMakeFiles/neopixel.dir/home/rbp28668/pico/pico-sdk/lib/lwip/src/core/pbuf.c.obj
                0x000000001000a07c                pbuf_remove_header
 .text.pbuf_header_impl
                0x000000001000a0c8       0x14 CMakeFiles/neopixel.dir/home/rbp28668/pico/pico-sdk/lib/lwip/src/core/pbuf.c.obj
 .text.pbuf_header_force
                0x000000001000a0dc        0xa CMakeFiles/neopixel.dir/home/rbp28668/pico/pico-sdk/lib/lwip/src/core/pbuf.c.obj
                0x000000001000a0dc                pbuf_header_force
 .text.pbuf_free
                0x000000001000a0e6       0x5c CMakeFiles/neopixel.dir/home/rbp28668/pico/pico-sdk/lib/lwip/src/core/pbuf.c.obj
                0x000000001000a0e6                pbuf_free
 *fill*         0x000000001000a142        0x2 
 .text.pbuf_alloc
                0x000000001000a144      0x11c CMakeFiles/neopixel.dir/home/rbp28668/pico/pico-sdk/lib/lwip/src/core/pbuf.c.obj
                0x000000001000a144                pbuf_alloc
 .text.pbuf_realloc
                0x000000001000a260       0x4e CMakeFiles/neopixel.dir/home/rbp28668/pico/pico-sdk/lib/lwip/src/core/pbuf.c.obj
                0x000000001000a260                pbuf_realloc
 .text.pbuf_clen
                0x000000001000a2ae       0x12 CMakeFiles/neopixel.dir/home/rbp28668/pico/pico-sdk/lib/lwip/src/core/pbuf.c.obj
                0x000000001000a2ae                pbuf_clen
 .text.pbuf_ref
                0x000000001000a2c0       0x16 CMakeFiles/neopixel.dir/home/rbp28668/pico/pico-sdk/lib/lwip/src/core/pbuf.c.obj
                0x000000001000a2c0                pbuf_ref
 *fill*         0x000000001000a2d6        0x2 
 .text.pbuf_cat
                0x000000001000a2d8       0x34 CMakeFiles/neopixel.dir/home/rbp28668/pico/pico-sdk/lib/lwip/src/core/pbuf.c.obj
                0x000000001000a2d8                pbuf_cat
 .text.pbuf_chain
                0x000000001000a30c       0x10 CMakeFiles/neopixel.dir/home/rbp28668/pico/pico-sdk/lib/lwip/src/core/pbuf.c.obj
                0x000000001000a30c                pbuf_chain
 .text.pbuf_copy_partial_pbuf
                0x000000001000a31c      0x120 CMakeFiles/neopixel.dir/home/rbp28668/pico/pico-sdk/lib/lwip/src/core/pbuf.c.obj
                0x000000001000a31c                pbuf_copy_partial_pbuf
 .text.pbuf_copy
                0x000000001000a43c       0x20 CMakeFiles/neopixel.dir/home/rbp28668/pico/pico-sdk/lib/lwip/src/core/pbuf.c.obj